ARM Linker, 5.03 [Build 24] [MDK-ARM Standard]

==============================================================================

Section Cross References

    stm32f10x_it.o(i.ADC1_2_IRQHandler) refers to os_cpu_a.o(.text) for OS_ENTER_CRITICAL
    stm32f10x_it.o(i.ADC1_2_IRQHandler) refers to ucos_ii.o(i.OSIntExit) for OSIntExit
    stm32f10x_it.o(i.ADC1_2_IRQHandler) refers to ucos_ii.o(.data) for OSIntNesting
    stm32f10x_it.o(i.ADC3_IRQHandler) refers to os_cpu_a.o(.text) for OS_ENTER_CRITICAL
    stm32f10x_it.o(i.ADC3_IRQHandler) refers to ucos_ii.o(i.OSIntExit) for OSIntExit
    stm32f10x_it.o(i.ADC3_IRQHandler) refers to ucos_ii.o(.data) for OSIntNesting
    stm32f10x_it.o(i.CAN1_RX1_IRQHandler) refers to os_cpu_a.o(.text) for OS_ENTER_CRITICAL
    stm32f10x_it.o(i.CAN1_RX1_IRQHandler) refers to ucos_ii.o(i.OSIntExit) for OSIntExit
    stm32f10x_it.o(i.CAN1_RX1_IRQHandler) refers to ucos_ii.o(.data) for OSIntNesting
    stm32f10x_it.o(i.CAN1_SCE_IRQHandler) refers to os_cpu_a.o(.text) for OS_ENTER_CRITICAL
    stm32f10x_it.o(i.CAN1_SCE_IRQHandler) refers to ucos_ii.o(i.OSIntExit) for OSIntExit
    stm32f10x_it.o(i.CAN1_SCE_IRQHandler) refers to ucos_ii.o(.data) for OSIntNesting
    stm32f10x_it.o(i.DMA1_Channel1_IRQHandler) refers to os_cpu_a.o(.text) for OS_ENTER_CRITICAL
    stm32f10x_it.o(i.DMA1_Channel1_IRQHandler) refers to ucos_ii.o(i.OSIntExit) for OSIntExit
    stm32f10x_it.o(i.DMA1_Channel1_IRQHandler) refers to ucos_ii.o(.data) for OSIntNesting
    stm32f10x_it.o(i.DMA1_Channel2_IRQHandler) refers to os_cpu_a.o(.text) for OS_ENTER_CRITICAL
    stm32f10x_it.o(i.DMA1_Channel2_IRQHandler) refers to ucos_ii.o(i.OSIntExit) for OSIntExit
    stm32f10x_it.o(i.DMA1_Channel2_IRQHandler) refers to ucos_ii.o(.data) for OSIntNesting
    stm32f10x_it.o(i.DMA1_Channel3_IRQHandler) refers to os_cpu_a.o(.text) for OS_ENTER_CRITICAL
    stm32f10x_it.o(i.DMA1_Channel3_IRQHandler) refers to ucos_ii.o(i.OSIntExit) for OSIntExit
    stm32f10x_it.o(i.DMA1_Channel3_IRQHandler) refers to ucos_ii.o(.data) for OSIntNesting
    stm32f10x_it.o(i.DMA1_Channel4_IRQHandler) refers to os_cpu_a.o(.text) for OS_ENTER_CRITICAL
    stm32f10x_it.o(i.DMA1_Channel4_IRQHandler) refers to ucos_ii.o(i.OSIntExit) for OSIntExit
    stm32f10x_it.o(i.DMA1_Channel4_IRQHandler) refers to ucos_ii.o(.data) for OSIntNesting
    stm32f10x_it.o(i.DMA1_Channel5_IRQHandler) refers to os_cpu_a.o(.text) for OS_ENTER_CRITICAL
    stm32f10x_it.o(i.DMA1_Channel5_IRQHandler) refers to ucos_ii.o(i.OSIntExit) for OSIntExit
    stm32f10x_it.o(i.DMA1_Channel5_IRQHandler) refers to ucos_ii.o(.data) for OSIntNesting
    stm32f10x_it.o(i.DMA1_Channel6_IRQHandler) refers to os_cpu_a.o(.text) for OS_ENTER_CRITICAL
    stm32f10x_it.o(i.DMA1_Channel6_IRQHandler) refers to ucos_ii.o(i.OSIntExit) for OSIntExit
    stm32f10x_it.o(i.DMA1_Channel6_IRQHandler) refers to ucos_ii.o(.data) for OSIntNesting
    stm32f10x_it.o(i.DMA1_Channel7_IRQHandler) refers to os_cpu_a.o(.text) for OS_ENTER_CRITICAL
    stm32f10x_it.o(i.DMA1_Channel7_IRQHandler) refers to ucos_ii.o(i.OSIntExit) for OSIntExit
    stm32f10x_it.o(i.DMA1_Channel7_IRQHandler) refers to ucos_ii.o(.data) for OSIntNesting
    stm32f10x_it.o(i.DMA2_Channel4_5_IRQHandler) refers to os_cpu_a.o(.text) for OS_ENTER_CRITICAL
    stm32f10x_it.o(i.DMA2_Channel4_5_IRQHandler) refers to ucos_ii.o(i.OSIntExit) for OSIntExit
    stm32f10x_it.o(i.DMA2_Channel4_5_IRQHandler) refers to ucos_ii.o(.data) for OSIntNesting
    stm32f10x_it.o(i.EXTI0_IRQHandler) refers to os_cpu_a.o(.text) for OS_ENTER_CRITICAL
    stm32f10x_it.o(i.EXTI0_IRQHandler) refers to stm32f10x_exti.o(i.EXTI_ClearITPendingBit) for EXTI_ClearITPendingBit
    stm32f10x_it.o(i.EXTI0_IRQHandler) refers to ucos_ii.o(i.OSIntExit) for OSIntExit
    stm32f10x_it.o(i.EXTI0_IRQHandler) refers to ucos_ii.o(.data) for OSIntNesting
    stm32f10x_it.o(i.EXTI15_10_IRQHandler) refers to os_cpu_a.o(.text) for OS_ENTER_CRITICAL
    stm32f10x_it.o(i.EXTI15_10_IRQHandler) refers to ucos_ii.o(i.OSIntExit) for OSIntExit
    stm32f10x_it.o(i.EXTI15_10_IRQHandler) refers to ucos_ii.o(.data) for OSIntNesting
    stm32f10x_it.o(i.EXTI1_IRQHandler) refers to os_cpu_a.o(.text) for OS_ENTER_CRITICAL
    stm32f10x_it.o(i.EXTI1_IRQHandler) refers to stm32f10x_exti.o(i.EXTI_ClearITPendingBit) for EXTI_ClearITPendingBit
    stm32f10x_it.o(i.EXTI1_IRQHandler) refers to ucos_ii.o(i.OSIntExit) for OSIntExit
    stm32f10x_it.o(i.EXTI1_IRQHandler) refers to ucos_ii.o(.data) for OSIntNesting
    stm32f10x_it.o(i.EXTI2_IRQHandler) refers to os_cpu_a.o(.text) for OS_ENTER_CRITICAL
    stm32f10x_it.o(i.EXTI2_IRQHandler) refers to stm32f10x_exti.o(i.EXTI_ClearITPendingBit) for EXTI_ClearITPendingBit
    stm32f10x_it.o(i.EXTI2_IRQHandler) refers to ucos_ii.o(i.OSIntExit) for OSIntExit
    stm32f10x_it.o(i.EXTI2_IRQHandler) refers to ucos_ii.o(.data) for OSIntNesting
    stm32f10x_it.o(i.EXTI3_IRQHandler) refers to os_cpu_a.o(.text) for OS_ENTER_CRITICAL
[...]
    Removing stm32f10x_tim.o(i.TIM_ForcedOC2Config), (26 bytes).
    Removing stm32f10x_tim.o(i.TIM_ForcedOC3Config), (18 bytes).
    Removing stm32f10x_tim.o(i.TIM_ForcedOC4Config), (26 bytes).
    Removing stm32f10x_tim.o(i.TIM_GenerateEvent), (4 bytes).
    Removing stm32f10x_tim.o(i.TIM_GetCapture1), (6 bytes).
    Removing stm32f10x_tim.o(i.TIM_GetCapture2), (6 bytes).
    Removing stm32f10x_tim.o(i.TIM_GetCapture3), (6 bytes).
    Removing stm32f10x_tim.o(i.TIM_GetCapture4), (8 bytes).
    Removing stm32f10x_tim.o(i.TIM_GetCounter), (6 bytes).
    Removing stm32f10x_tim.o(i.TIM_GetFlagStatus), (18 bytes).
    Removing stm32f10x_tim.o(i.TIM_GetPrescaler), (6 bytes).
    Removing stm32f10x_tim.o(i.TIM_ICInit), (110 bytes).
    Removing stm32f10x_tim.o(i.TIM_ICStructInit), (18 bytes).
    Removing stm32f10x_tim.o(i.TIM_ITConfig), (18 bytes).
    Removing stm32f10x_tim.o(i.TIM_ITRxExternalClockConfig), (24 bytes).
    Removing stm32f10x_tim.o(i.TIM_InternalClockConfig), (12 bytes).
    Removing stm32f10x_tim.o(i.TIM_OC1FastConfig), (18 bytes).
    Removing stm32f10x_tim.o(i.TIM_OC1Init), (120 bytes).
    Removing stm32f10x_tim.o(i.TIM_OC1NPolarityConfig), (18 bytes).
    Removing stm32f10x_tim.o(i.TIM_OC1PolarityConfig), (18 bytes).
    Removing stm32f10x_tim.o(i.TIM_OC1PreloadConfig), (18 bytes).
    Removing stm32f10x_tim.o(i.TIM_OC2FastConfig), (26 bytes).
    Removing stm32f10x_tim.o(i.TIM_OC2Init), (156 bytes).
    Removing stm32f10x_tim.o(i.TIM_OC2NPolarityConfig), (26 bytes).
    Removing stm32f10x_tim.o(i.TIM_OC2PolarityConfig), (26 bytes).
    Removing stm32f10x_tim.o(i.TIM_OC2PreloadConfig), (26 bytes).
    Removing stm32f10x_tim.o(i.TIM_OC3FastConfig), (18 bytes).
    Removing stm32f10x_tim.o(i.TIM_OC3Init), (152 bytes).
    Removing stm32f10x_tim.o(i.TIM_OC3NPolarityConfig), (26 bytes).
    Removing stm32f10x_tim.o(i.TIM_OC3PolarityConfig), (26 bytes).
    Removing stm32f10x_tim.o(i.TIM_OC3PreloadConfig), (18 bytes).
    Removing stm32f10x_tim.o(i.TIM_OC4FastConfig), (26 bytes).
    Removing stm32f10x_tim.o(i.TIM_OC4Init), (116 bytes).
    Removing stm32f10x_tim.o(i.TIM_OC4PolarityConfig), (26 bytes).
    Removing stm32f10x_tim.o(i.TIM_OC4PreloadConfig), (26 bytes).
    Removing stm32f10x_tim.o(i.TIM_OCStructInit), (20 bytes).
    Removing stm32f10x_tim.o(i.TIM_PWMIConfig), (124 bytes).
    Removing stm32f10x_tim.o(i.TIM_PrescalerConfig), (6 bytes).
    Removing stm32f10x_tim.o(i.TIM_SelectCCDMA), (24 bytes).
    Removing stm32f10x_tim.o(i.TIM_SelectCOM), (24 bytes).
    Removing stm32f10x_tim.o(i.TIM_SelectHallSensor), (24 bytes).
    Removing stm32f10x_tim.o(i.TIM_SelectInputTrigger), (18 bytes).
    Removing stm32f10x_tim.o(i.TIM_SelectMasterSlaveMode), (18 bytes).
    Removing stm32f10x_tim.o(i.TIM_SelectOCxM), (108 bytes).
    Removing stm32f10x_tim.o(i.TIM_SelectOnePulseMode), (18 bytes).
    Removing stm32f10x_tim.o(i.TIM_SelectOutputTrigger), (18 bytes).
    Removing stm32f10x_tim.o(i.TIM_SelectSlaveMode), (18 bytes).
    Removing stm32f10x_tim.o(i.TIM_SetAutoreload), (4 bytes).
    Removing stm32f10x_tim.o(i.TIM_SetClockDivision), (14 bytes).
    Removing stm32f10x_tim.o(i.TIM_SetCompare1), (4 bytes).
    Removing stm32f10x_tim.o(i.TIM_SetCompare2), (4 bytes).
    Removing stm32f10x_tim.o(i.TIM_SetCompare3), (4 bytes).
    Removing stm32f10x_tim.o(i.TIM_SetCompare4), (6 bytes).
    Removing stm32f10x_tim.o(i.TIM_SetCounter), (4 bytes).
    Removing stm32f10x_tim.o(i.TIM_SetIC1Prescaler), (18 bytes).
    Removing stm32f10x_tim.o(i.TIM_SetIC2Prescaler), (26 bytes).
    Removing stm32f10x_tim.o(i.TIM_SetIC3Prescaler), (18 bytes).
    Removing stm32f10x_tim.o(i.TIM_SetIC4Prescaler), (26 bytes).
    Removing stm32f10x_tim.o(i.TIM_TIxExternalClockConfig), (62 bytes).
    Removing stm32f10x_tim.o(i.TIM_TimeBaseInit), (60 bytes).
    Removing stm32f10x_tim.o(i.TIM_TimeBaseStructInit), (18 bytes).
    Removing stm32f10x_tim.o(i.TIM_UpdateDisableConfig), (24 bytes).
    Removing stm32f10x_tim.o(i.TIM_UpdateRequestConfig), (24 bytes).
    Removing stm32f10x_usart.o(i.USART_ClearFlag), (6 bytes).
    Removing stm32f10x_usart.o(i.USART_ClockStructInit), (12 bytes).
    Removing stm32f10x_usart.o(i.USART_DMACmd), (18 bytes).
    Removing stm32f10x_usart.o(i.USART_DeInit), (156 bytes).
    Removing stm32f10x_usart.o(i.USART_GetFlagStatus), (18 bytes).
    Removing stm32f10x_usart.o(i.USART_HalfDuplexCmd), (24 bytes).
    Removing stm32f10x_usart.o(i.USART_IrDACmd), (24 bytes).
    Removing stm32f10x_usart.o(i.USART_IrDAConfig), (18 bytes).
    Removing stm32f10x_usart.o(i.USART_LINBreakDetectLengthConfig), (18 bytes).
    Removing stm32f10x_usart.o(i.USART_LINCmd), (24 bytes).
    Removing stm32f10x_usart.o(i.USART_ReceiverWakeUpCmd), (24 bytes).
    Removing stm32f10x_usart.o(i.USART_SendBreak), (10 bytes).
    Removing stm32f10x_usart.o(i.USART_SetAddress), (18 bytes).
    Removing stm32f10x_usart.o(i.USART_SetGuardTime), (16 bytes).
    Removing stm32f10x_usart.o(i.USART_SetPrescaler), (16 bytes).
    Removing stm32f10x_usart.o(i.USART_SmartCardCmd), (24 bytes).
    Removing stm32f10x_usart.o(i.USART_SmartCardNACKCmd), (24 bytes).
    Removing stm32f10x_usart.o(i.USART_StructInit), (24 bytes).
    Removing stm32f10x_usart.o(i.USART_WakeUpConfig), (18 bytes).
    Removing stm32f10x_wwdg.o(i.WWDG_ClearFlag), (12 bytes).
    Removing stm32f10x_wwdg.o(i.WWDG_DeInit), (22 bytes).
    Removing stm32f10x_wwdg.o(i.WWDG_Enable), (16 bytes).
    Removing stm32f10x_wwdg.o(i.WWDG_EnableIT), (12 bytes).
    Removing stm32f10x_wwdg.o(i.WWDG_GetFlagStatus), (12 bytes).
    Removing stm32f10x_wwdg.o(i.WWDG_SetCounter), (16 bytes).
    Removing stm32f10x_wwdg.o(i.WWDG_SetPrescaler), (24 bytes).
    Removing stm32f10x_wwdg.o(i.WWDG_SetWindowValue), (28 bytes).
    Removing stm32f10x_fsmc.o(i.FSMC_ClearFlag), (72 bytes).
    Removing stm32f10x_fsmc.o(i.FSMC_ClearITPendingBit), (72 bytes).
    Removing stm32f10x_fsmc.o(i.FSMC_GetECC), (28 bytes).
    Removing stm32f10x_fsmc.o(i.FSMC_GetFlagStatus), (56 bytes).
    Removing stm32f10x_fsmc.o(i.FSMC_GetITStatus), (68 bytes).
    Removing stm32f10x_fsmc.o(i.FSMC_ITConfig), (136 bytes).
    Removing stm32f10x_fsmc.o(i.FSMC_NANDCmd), (92 bytes).
    Removing stm32f10x_fsmc.o(i.FSMC_NANDDeInit), (72 bytes).
    Removing stm32f10x_fsmc.o(i.FSMC_NANDECCCmd), (92 bytes).
    Removing stm32f10x_fsmc.o(i.FSMC_NANDInit), (144 bytes).
    Removing stm32f10x_fsmc.o(i.FSMC_NANDStructInit), (56 bytes).
    Removing stm32f10x_fsmc.o(i.FSMC_NORSRAMCmd), (52 bytes).
    Removing stm32f10x_fsmc.o(i.FSMC_NORSRAMDeInit), (56 bytes).
    Removing stm32f10x_fsmc.o(i.FSMC_NORSRAMInit), (232 bytes).
    Removing stm32f10x_fsmc.o(i.FSMC_NORSRAMStructInit), (114 bytes).
    Removing stm32f10x_fsmc.o(i.FSMC_PCCARDCmd), (48 bytes).
    Removing stm32f10x_fsmc.o(i.FSMC_PCCARDDeInit), (48 bytes).
    Removing stm32f10x_fsmc.o(i.FSMC_PCCARDInit), (136 bytes).
    Removing stm32f10x_fsmc.o(i.FSMC_PCCARDStructInit), (62 bytes).
    Removing gpio.o(i.rd_io), (120 bytes).
    Removing os_cpu_c.o(i.OSTaskDelHook), (4 bytes).
    Removing ucos_ii.o(i.OSIntEnter), (36 bytes).
    Removing ucos_ii.o(i.OSMboxAccept), (32 bytes).
    Removing ucos_ii.o(i.OSMboxCreate), (72 bytes).
    Removing ucos_ii.o(i.OSMboxDel), (196 bytes).
    Removing ucos_ii.o(i.OSMboxPend), (220 bytes).
    Removing ucos_ii.o(i.OSMboxPost), (68 bytes).
    Removing ucos_ii.o(i.OSMboxPostOpt), (102 bytes).
    Removing ucos_ii.o(i.OSMboxQuery), (68 bytes).
    Removing ucos_ii.o(i.OSMemCreate), (112 bytes).
    Removing ucos_ii.o(i.OSMemGet), (50 bytes).
    Removing ucos_ii.o(i.OSMemNameGet), (40 bytes).
    Removing ucos_ii.o(i.OSMemNameSet), (60 bytes).
    Removing ucos_ii.o(i.OSMemPut), (46 bytes).
    Removing ucos_ii.o(i.OSMemQuery), (46 bytes).
    Removing ucos_ii.o(i.OSMutexAccept), (132 bytes).
    Removing ucos_ii.o(i.OSMutexCreate), (136 bytes).
    Removing ucos_ii.o(i.OSMutexDel), (264 bytes).
    Removing ucos_ii.o(i.OSMutexPend), (512 bytes).
    Removing ucos_ii.o(i.OSMutexPost), (184 bytes).
    Removing ucos_ii.o(i.OSMutexQuery), (104 bytes).
    Removing ucos_ii.o(i.OSMutex_RdyAtPrio), (128 bytes).
    Removing ucos_ii.o(i.OSSchedLock), (56 bytes).
    Removing ucos_ii.o(i.OSSchedUnlock), (84 bytes).
    Removing ucos_ii.o(i.OSSemAccept), (38 bytes).
    Removing ucos_ii.o(i.OSSemCreate), (72 bytes).
    Removing ucos_ii.o(i.OSSemDel), (196 bytes).
    Removing ucos_ii.o(i.OSSemPend), (188 bytes).
    Removing ucos_ii.o(i.OSSemPost), (76 bytes).
    Removing ucos_ii.o(i.OSSemQuery), (68 bytes).
    Removing ucos_ii.o(i.OSSemSet), (58 bytes).
    Removing ucos_ii.o(i.OSStatInit), (68 bytes).
    Removing ucos_ii.o(i.OSTaskNameGet), (96 bytes).
    Removing ucos_ii.o(i.OSTaskResume), (148 bytes).
    Removing ucos_ii.o(i.OSTaskStkChk), (128 bytes).
    Removing ucos_ii.o(i.OSTimeDlyHMSM), (106 bytes).
    Removing ucos_ii.o(i.OSTimeDlyResume), (172 bytes).
    Removing ucos_ii.o(i.OSVersion), (6 bytes).
    Removing ucos_ii.o(i.OS_EventTO), (84 bytes).
    Removing ucos_ii.o(i.OS_EventTaskRdy), (300 bytes).
    Removing ucos_ii.o(i.OS_EventTaskWait), (128 bytes).
    Removing ucos_ii.o(i.OS_EventWaitListInit), (28 bytes).
    Removing ucos_ii.o(i.OS_MemCopy), (20 bytes).
    Removing main.o(i.mcpy), (24 bytes).
    Removing main.o(i.memclr), (20 bytes).
    Removing mainloop.o(i.Task_Main), (24 bytes).
    Removing spi.o(i.spi_master_read), (30 bytes).
    Removing spi.o(i.spi_master_write), (30 bytes).
    Removing uart.o(i.Task_Uart), (28 bytes).
    Removing uart.o(i.var_init), (2 bytes).

337 unused section(s) (total 16081 bytes) removed from the image.

==============================================================================

Image Symbol Table

    Local Symbols

    Symbol Name                              Value     Ov Type        Size  Object(Section)

    ../clib/microlib/init/entry.s            0x00000000   Number         0  entry5.o ABSOLUTE
    ../clib/microlib/init/entry.s            0x00000000   Number         0  entry8b.o ABSOLUTE
    ../clib/microlib/init/entry.s            0x00000000   Number         0  entry9a.o ABSOLUTE
    ../clib/microlib/init/entry.s            0x00000000   Number         0  entry10a.o ABSOLUTE
    ../clib/microlib/init/entry.s            0x00000000   Number         0  entry10b.o ABSOLUTE
    ../clib/microlib/init/entry.s            0x00000000   Number         0  entry11a.o ABSOLUTE
    ../clib/microlib/init/entry.s            0x00000000   Number         0  entry11b.o ABSOLUTE
    ../clib/microlib/init/entry.s            0x00000000   Number         0  entry2.o ABSOLUTE
    ../clib/microlib/init/entry.s            0x00000000   Number         0  entry9b.o ABSOLUTE
    ../clib/microlib/init/entry.s            0x00000000   Number         0  entry8a.o ABSOLUTE
    ../clib/microlib/init/entry.s            0x00000000   Number         0  entry.o ABSOLUTE
    ../clib/microlib/init/entry.s            0x00000000   Number         0  entry7b.o ABSOLUTE
    ../clib/microlib/init/entry.s            0x00000000   Number         0  entry7a.o ABSOLUTE
    ..\library\src\stm32f10x_adc.c           0x00000000   Number         0  stm32f10x_adc.o ABSOLUTE
    ..\library\src\stm32f10x_dma.c           0x00000000   Number         0  stm32f10x_dma.o ABSOLUTE
    ..\library\src\stm32f10x_exti.c          0x00000000   Number         0  stm32f10x_exti.o ABSOLUTE
    ..\library\src\stm32f10x_flash.c         0x00000000   Number         0  stm32f10x_flash.o ABSOLUTE
    ..\library\src\stm32f10x_fsmc.c          0x00000000   Number         0  stm32f10x_fsmc.o ABSOLUTE
    ..\library\src\stm32f10x_gpio.c          0x00000000   Number         0  stm32f10x_gpio.o ABSOLUTE
    ..\library\src\stm32f10x_iwdg.c          0x00000000   Number         0  stm32f10x_iwdg.o ABSOLUTE
    ..\library\src\stm32f10x_lib.c           0x00000000   Number         0  stm32f10x_lib.o ABSOLUTE
    ..\library\src\stm32f10x_nvic.c          0x00000000   Number         0  stm32f10x_nvic.o ABSOLUTE
    ..\library\src\stm32f10x_rcc.c           0x00000000   Number         0  stm32f10x_rcc.o ABSOLUTE
    ..\library\src\stm32f10x_spi.c           0x00000000   Number         0  stm32f10x_spi.o ABSOLUTE
    ..\library\src\stm32f10x_systick.c       0x00000000   Number         0  stm32f10x_systick.o ABSOLUTE
    ..\library\src\stm32f10x_tim.c           0x00000000   Number         0  stm32f10x_tim.o ABSOLUTE
    ..\library\src\stm32f10x_usart.c         0x00000000   Number         0  stm32f10x_usart.o ABSOLUTE
    ..\library\src\stm32f10x_wwdg.c          0x00000000   Number         0  stm32f10x_wwdg.o ABSOLUTE
    ..\os\os_cpu_a.s                         0x00000000   Number         0  os_cpu_a.o ABSOLUTE
    ..\os\os_cpu_c.c                         0x00000000   Number         0  os_cpu_c.o ABSOLUTE
    ..\os\os_dbg.c                           0x00000000   Number         0  os_dbg.o ABSOLUTE
    ..\os\ucos_ii.c                          0x00000000   Number         0  ucos_ii.o ABSOLUTE
    ..\user\Arch\Exception.c                 0x00000000   Number         0  exception.o ABSOLUTE
    ..\user\Arch\stm32f10x_hd.s              0x00000000   Number         0  stm32f10x_hd.o ABSOLUTE
    ..\user\Arch\stm32f10x_it.c              0x00000000   Number         0  stm32f10x_it.o ABSOLUTE
    ..\user\Arch\stm32f10x_target.c          0x00000000   Number         0  stm32f10x_target.o ABSOLUTE
    ..\user\Driver\flash.c                   0x00000000   Number         0  flash.o ABSOLUTE
    ..\user\Driver\gpio.c                    0x00000000   Number         0  gpio.o ABSOLUTE
    ..\user\Task\mainloop.c                  0x00000000   Number         0  mainloop.o ABSOLUTE
    ..\user\Task\spi.c                       0x00000000   Number         0  spi.o ABSOLUTE
    ..\user\Task\uart.c                      0x00000000   Number         0  uart.o ABSOLUTE
    ..\user\main.c                           0x00000000   Number         0  main.o ABSOLUTE
    dc.s                                     0x00000000   Number         0  dc.o ABSOLUTE
    handlers.s                               0x00000000   Number         0  handlers.o ABSOLUTE
    init.s                                   0x00000000   Number         0  init.o ABSOLUTE
    RESET                                    0x08000000   Section      304  stm32f10x_hd.o(RESET)
    .ARM.Collect$$$$00000000                 0x08000130   Section        0  entry.o(.ARM.Collect$$$$00000000)
    .ARM.Collect$$$$00000001                 0x08000130   Section        4  entry2.o(.ARM.Collect$$$$00000001)
    .ARM.Collect$$$$00000004                 0x08000134   Section        4  entry5.o(.ARM.Collect$$$$00000004)
    .ARM.Collect$$$$00000008                 0x08000138   Section        0  entry7b.o(.ARM.Collect$$$$00000008)
    .ARM.Collect$$$$0000000A                 0x08000138   Section        0  entry8b.o(.ARM.Collect$$$$0000000A)
    .ARM.Collect$$$$0000000B                 0x08000138   Section        8  entry9a.o(.ARM.Collect$$$$0000000B)
    .ARM.Collect$$$$0000000D                 0x08000140   Section        0  entry10a.o(.ARM.Collect$$$$0000000D)
    .ARM.Collect$$$$0000000F                 0x08000140   Section        0  entry11a.o(.ARM.Collect$$$$0000000F)
    .ARM.Collect$$$$00002712                 0x08000140   Section        4  entry2.o(.ARM.Collect$$$$00002712)
    __lit__00000000                          0x08000140   Data           4  entry2.o(.ARM.Collect$$$$00002712)
    .text                                    0x08000144   Section       32  stm32f10x_hd.o(.text)
    .text                                    0x08000164   Section      232  os_cpu_a.o(.text)
    .text                                    0x0800024c   Section       36  init.o(.text)
    i.ADC1_2_IRQHandler                      0x08000270   Section        0  stm32f10x_it.o(i.ADC1_2_IRQHandler)
    i.ADC3_IRQHandler                        0x08000290   Section        0  stm32f10x_it.o(i.ADC3_IRQHandler)
    i.BusFault_Handler                       0x080002b0   Section        0  exception.o(i.BusFault_Handler)
    i.CAN1_RX1_IRQHandler                    0x080002b4   Section        0  stm32f10x_it.o(i.CAN1_RX1_IRQHandler)
    i.CAN1_SCE_IRQHandler                    0x080002d4   Section        0  stm32f10x_it.o(i.CAN1_SCE_IRQHandler)
    i.DMA1_Channel1_IRQHandler               0x080002f4   Section        0  stm32f10x_it.o(i.DMA1_Channel1_IRQHandler)
    i.DMA1_Channel2_IRQHandler               0x08000314   Section        0  stm32f10x_it.o(i.DMA1_Channel2_IRQHandler)
    i.DMA1_Channel3_IRQHandler               0x08000334   Section        0  stm32f10x_it.o(i.DMA1_Channel3_IRQHandler)
    i.DMA1_Channel4_IRQHandler               0x08000354   Section        0  stm32f10x_it.o(i.DMA1_Channel4_IRQHandler)
    i.DMA1_Channel5_IRQHandler               0x08000374   Section        0  stm32f10x_it.o(i.DMA1_Channel5_IRQHandler)
    i.DMA1_Channel6_IRQHandler               0x08000394   Section        0  stm32f10x_it.o(i.DMA1_Channel6_IRQHandler)
    i.DMA1_Channel7_IRQHandler               0x080003b4   Section        0  stm32f10x_it.o(i.DMA1_Channel7_IRQHandler)
    i.DMA2_Channel1_IRQHandler               0x080003d4   Section        0  stm32f10x_it.o(i.DMA2_Channel1_IRQHandler)
    i.DMA2_Channel2_IRQHandler               0x080003d6   Section        0  stm32f10x_it.o(i.DMA2_Channel2_IRQHandler)
    i.DMA2_Channel3_IRQHandler               0x080003d8   Section        0  stm32f10x_it.o(i.DMA2_Channel3_IRQHandler)
    i.DMA2_Channel4_5_IRQHandler             0x080003dc   Section        0  stm32f10x_it.o(i.DMA2_Channel4_5_IRQHandler)
    i.DMA_Configuration                      0x080003fc   Section        0  stm32f10x_target.o(i.DMA_Configuration)
    i.DMA_DeInit                             0x080004a8   Section        0  stm32f10x_dma.o(i.DMA_DeInit)
    i.DMA_Init                               0x080005ec   Section        0  stm32f10x_dma.o(i.DMA_Init)
    i.DebugMon_Handler                       0x08000628   Section        0  exception.o(i.DebugMon_Handler)
    i.EXTI0_IRQHandler                       0x0800062c   Section        0  stm32f10x_it.o(i.EXTI0_IRQHandler)
    i.EXTI15_10_IRQHandler                   0x08000650   Section        0  stm32f10x_it.o(i.EXTI15_10_IRQHandler)
    i.EXTI1_IRQHandler                       0x08000670   Section        0  stm32f10x_it.o(i.EXTI1_IRQHandler)
    i.EXTI2_IRQHandler                       0x08000694   Section        0  stm32f10x_it.o(i.EXTI2_IRQHandler)
    i.EXTI3_IRQHandler                       0x080006b8   Section        0  stm32f10x_it.o(i.EXTI3_IRQHandler)
    i.EXTI4_IRQHandler                       0x080006dc   Section        0  stm32f10x_it.o(i.EXTI4_IRQHandler)
    i.EXTI9_5_IRQHandler                     0x08000700   Section        0  stm32f10x_it.o(i.EXTI9_5_IRQHandler)
    i.EXTI_ClearITPendingBit                 0x08000720   Section        0  stm32f10x_exti.o(i.EXTI_ClearITPendingBit)
    i.FLASH_ErasePage                        0x0800072c   Section        0  stm32f10x_flash.o(i.FLASH_ErasePage)
    i.FLASH_GetStatus                        0x0800077c   Section        0  stm32f10x_flash.o(i.FLASH_GetStatus)
    i.FLASH_IRQHandler                       0x080007b0   Section        0  stm32f10x_it.o(i.FLASH_IRQHandler)
    i.FLASH_PrefetchBufferCmd                0x080007d0   Section        0  stm32f10x_flash.o(i.FLASH_PrefetchBufferCmd)
    i.FLASH_SetLatency                       0x080007ec   Section        0  stm32f10x_flash.o(i.FLASH_SetLatency)
    i.FLASH_Unlock                           0x08000808   Section        0  stm32f10x_flash.o(i.FLASH_Unlock)
    i.FLASH_WaitForLastOperation             0x08000820   Section        0  stm32f10x_flash.o(i.FLASH_WaitForLastOperation)
    i.FSMC_IRQHandler                        0x0800084a   Section        0  stm32f10x_it.o(i.FSMC_IRQHandler)
    i.GPIO_Config                            0x0800084c   Section        0  stm32f10x_target.o(i.GPIO_Config)
    GPIO_Config                              0x0800084d   Thumb Code    18  stm32f10x_target.o(i.GPIO_Config)
    i.GPIO_Init                              0x08000864   Section        0  stm32f10x_gpio.o(i.GPIO_Init)
    i.GPIO_PinRemapConfig                    0x08000974   Section        0  stm32f10x_gpio.o(i.GPIO_PinRemapConfig)
    i.GPIO_WriteBit                          0x080009e4   Section        0  stm32f10x_gpio.o(i.GPIO_WriteBit)
    i.HardFault_Handler                      0x080009ee   Section        0  exception.o(i.HardFault_Handler)
    i.I2C1_ER_IRQHandler                     0x080009f2   Section        0  stm32f10x_it.o(i.I2C1_ER_IRQHandler)
    i.I2C1_EV_IRQHandler                     0x080009f4   Section        0  stm32f10x_it.o(i.I2C1_EV_IRQHandler)
    i.I2C2_ER_IRQHandler                     0x080009f6   Section        0  stm32f10x_it.o(i.I2C2_ER_IRQHandler)
    i.I2C2_EV_IRQHandler                     0x080009f8   Section        0  stm32f10x_it.o(i.I2C2_EV_IRQHandler)
    i.MemManage_Handler                      0x080009fa   Section        0  exception.o(i.MemManage_Handler)
    i.NMI_Handler                            0x080009fe   Section        0  exception.o(i.NMI_Handler)
    i.NVIC_Configuration                     0x08000a00   Section        0  stm32f10x_target.o(i.NVIC_Configuration)
    NVIC_Configuration                       0x08000a01   Thumb Code   120  stm32f10x_target.o(i.NVIC_Configuration)
    i.NVIC_DeInit                            0x08000a78   Section        0  stm32f10x_nvic.o(i.NVIC_DeInit)
    i.NVIC_Init                              0x08000ac4   Section        0  stm32f10x_nvic.o(i.NVIC_Init)
    i.NVIC_PriorityGroupConfig               0x08000b68   Section        0  stm32f10x_nvic.o(i.NVIC_PriorityGroupConfig)
    i.NVIC_SetVectorTable                    0x08000b7c   Section        0  stm32f10x_nvic.o(i.NVIC_SetVectorTable)
    i.OSDebugInit                            0x08000b90   Section        0  os_dbg.o(i.OSDebugInit)
    i.OSInit                                 0x08000ca4   Section        0  ucos_ii.o(i.OSInit)
    i.OSInitHookBegin                        0x08000cd0   Section        0  os_cpu_c.o(i.OSInitHookBegin)
    i.OSInitHookEnd                          0x08000cd2   Section        0  os_cpu_c.o(i.OSInitHookEnd)
    i.OSIntExit                              0x08000cd4   Section        0  ucos_ii.o(i.OSIntExit)
    i.OSStart                                0x08000d60   Section        0  ucos_ii.o(i.OSStart)
    i.OSTCBInitHook                          0x08000da8   Section        0  os_cpu_c.o(i.OSTCBInitHook)
    i.OSTaskCreate                           0x08000dac   Section        0  ucos_ii.o(i.OSTaskCreate)
    i.OSTaskCreateExt                        0x08000e40   Section        0  ucos_ii.o(i.OSTaskCreateExt)
    i.OSTaskCreateHook                       0x08000ee4   Section        0  os_cpu_c.o(i.OSTaskCreateHook)
    i.OSTaskIdleHook                         0x08000ee8   Section        0  os_cpu_c.o(i.OSTaskIdleHook)
    i.OSTaskNameSet                          0x08000eec   Section        0  ucos_ii.o(i.OSTaskNameSet)
    i.OSTaskStatHook                         0x08000f5c   Section        0  os_cpu_c.o(i.OSTaskStatHook)
    i.OSTaskStkInit                          0x08000f5e   Section        0  os_cpu_c.o(i.OSTaskStkInit)
    i.OSTaskSuspend                          0x08000ff8   Section        0  ucos_ii.o(i.OSTaskSuspend)
    i.OSTaskSwHook                           0x08001098   Section        0  os_cpu_c.o(i.OSTaskSwHook)
    i.OSTimeDly                              0x0800109c   Section        0  ucos_ii.o(i.OSTimeDly)
    i.OSTimeTick                             0x080010f8   Section        0  ucos_ii.o(i.OSTimeTick)
    i.OS_InitEventList                       0x08001190   Section        0  ucos_ii.o(i.OS_InitEventList)
    OS_InitEventList                         0x08001191   Thumb Code    54  ucos_ii.o(i.OS_InitEventList)
    i.OS_InitMisc                            0x080011d0   Section        0  ucos_ii.o(i.OS_InitMisc)
    OS_InitMisc                              0x080011d1   Thumb Code    40  ucos_ii.o(i.OS_InitMisc)
    i.OS_InitRdyList                         0x0800121c   Section        0  ucos_ii.o(i.OS_InitRdyList)
    OS_InitRdyList                           0x0800121d   Thumb Code    46  ucos_ii.o(i.OS_InitRdyList)
    i.OS_InitTCBList                         0x08001264   Section        0  ucos_ii.o(i.OS_InitTCBList)
    OS_InitTCBList                           0x08001265   Thumb Code    88  ucos_ii.o(i.OS_InitTCBList)
    i.OS_InitTaskIdle                        0x080012cc   Section        0  ucos_ii.o(i.OS_InitTaskIdle)
    OS_InitTaskIdle                          0x080012cd   Thumb Code    52  ucos_ii.o(i.OS_InitTaskIdle)
    i.OS_InitTaskStat                        0x08001318   Section        0  ucos_ii.o(i.OS_InitTaskStat)
    OS_InitTaskStat                          0x08001319   Thumb Code    52  ucos_ii.o(i.OS_InitTaskStat)
    i.OS_MemClr                              0x08001364   Section        0  ucos_ii.o(i.OS_MemClr)
    i.OS_MemInit                             0x08001378   Section        0  ucos_ii.o(i.OS_MemInit)
    i.OS_Sched                               0x080013c8   Section        0  ucos_ii.o(i.OS_Sched)
    i.OS_SchedNew                            0x08001434   Section        0  ucos_ii.o(i.OS_SchedNew)
    OS_SchedNew                              0x08001435   Thumb Code    80  ucos_ii.o(i.OS_SchedNew)
    i.OS_StrCopy                             0x08001494   Section        0  ucos_ii.o(i.OS_StrCopy)
    i.OS_StrLen                              0x080014b0   Section        0  ucos_ii.o(i.OS_StrLen)
    i.OS_TCBInit                             0x080014c4   Section        0  ucos_ii.o(i.OS_TCBInit)
    i.OS_TaskIdle                            0x080015d8   Section        0  ucos_ii.o(i.OS_TaskIdle)
    i.OS_TaskStat                            0x080015f8   Section        0  ucos_ii.o(i.OS_TaskStat)
    i.OS_TaskStkClr                          0x08001684   Section        0  ucos_ii.o(i.OS_TaskStkClr)
    i.PVD_IRQHandler                         0x080016a0   Section        0  stm32f10x_it.o(i.PVD_IRQHandler)
    i.RCC_ADCCLKConfig                       0x080016c0   Section        0  stm32f10x_rcc.o(i.RCC_ADCCLKConfig)
    i.RCC_AHBPeriphClockCmd                  0x080016d8   Section        0  stm32f10x_rcc.o(i.RCC_AHBPeriphClockCmd)
    i.RCC_APB1PeriphClockCmd                 0x080016f8   Section        0  stm32f10x_rcc.o(i.RCC_APB1PeriphClockCmd)
    i.RCC_APB2PeriphClockCmd                 0x08001718   Section        0  stm32f10x_rcc.o(i.RCC_APB2PeriphClockCmd)
    i.RCC_Configuration                      0x08001738   Section        0  stm32f10x_target.o(i.RCC_Configuration)
    RCC_Configuration                        0x08001739   Thumb Code   142  stm32f10x_target.o(i.RCC_Configuration)
    i.RCC_GetClocksFreq                      0x080017cc   Section        0  stm32f10x_rcc.o(i.RCC_GetClocksFreq)
    i.RCC_GetFlagStatus                      0x080018a0   Section        0  stm32f10x_rcc.o(i.RCC_GetFlagStatus)
    i.RCC_GetSYSCLKSource                    0x080018dc   Section        0  stm32f10x_rcc.o(i.RCC_GetSYSCLKSource)
    i.RCC_HCLKConfig                         0x080018ec   Section        0  stm32f10x_rcc.o(i.RCC_HCLKConfig)
    i.RCC_HSEConfig                          0x08001904   Section        0  stm32f10x_rcc.o(i.RCC_HSEConfig)
    i.RCC_IRQHandler                         0x08001950   Section        0  stm32f10x_it.o(i.RCC_IRQHandler)
    i.RCC_MCOConfig                          0x08001970   Section        0  stm32f10x_rcc.o(i.RCC_MCOConfig)
    i.RCC_PCLK1Config                        0x0800197c   Section        0  stm32f10x_rcc.o(i.RCC_PCLK1Config)
    i.RCC_PCLK2Config                        0x08001994   Section        0  stm32f10x_rcc.o(i.RCC_PCLK2Config)
    i.RCC_PLLCmd                             0x080019ac   Section        0  stm32f10x_rcc.o(i.RCC_PLLCmd)
    i.RCC_PLLConfig                          0x080019b8   Section        0  stm32f10x_rcc.o(i.RCC_PLLConfig)
    i.RCC_SYSCLKConfig                       0x080019d4   Section        0  stm32f10x_rcc.o(i.RCC_SYSCLKConfig)
    i.RCC_WaitForHSEStartUp                  0x080019ec   Section        0  stm32f10x_rcc.o(i.RCC_WaitForHSEStartUp)
    i.RTCAlarm_IRQHandler                    0x08001a34   Section        0  stm32f10x_it.o(i.RTCAlarm_IRQHandler)
    i.RTC_IRQHandler                         0x08001a38   Section        0  stm32f10x_it.o(i.RTC_IRQHandler)
    i.SDIO_IRQHandler                        0x08001a58   Section        0  stm32f10x_it.o(i.SDIO_IRQHandler)
    i.SPI1_IRQHandler                        0x08001a5c   Section        0  stm32f10x_it.o(i.SPI1_IRQHandler)
    i.SPI2_IRQHandler                        0x08001a7c   Section        0  stm32f10x_it.o(i.SPI2_IRQHandler)
    i.SPI3_IRQHandler                        0x08001acc   Section        0  stm32f10x_it.o(i.SPI3_IRQHandler)
    i.SPI_Cmd                                0x08001ace   Section        0  stm32f10x_spi.o(i.SPI_Cmd)
    i.SPI_I2S_GetFlagStatus                  0x08001ae6   Section        0  stm32f10x_spi.o(i.SPI_I2S_GetFlagStatus)
    i.SPI_I2S_ITConfig                       0x08001af8   Section        0  stm32f10x_spi.o(i.SPI_I2S_ITConfig)
    i.SPI_I2S_ReceiveData                    0x08001b18   Section        0  stm32f10x_spi.o(i.SPI_I2S_ReceiveData)
    i.SPI_Init                               0x08001b1e   Section        0  stm32f10x_spi.o(i.SPI_Init)
    i.SVC_Handler                            0x08001b5a   Section        0  exception.o(i.SVC_Handler)
    i.SysTickHandler                         0x08001b5c   Section        0  stm32f10x_it.o(i.SysTickHandler)
    i.SysTick_CounterCmd                     0x08001b80   Section        0  stm32f10x_systick.o(i.SysTick_CounterCmd)
    i.SysTick_ITConfig                       0x08001bb6   Section        0  stm32f10x_systick.o(i.SysTick_ITConfig)
    i.SysTick_SetReload                      0x08001bdc   Section        0  stm32f10x_systick.o(i.SysTick_SetReload)
    i.TAMPER_IRQHandler                      0x08001be4   Section        0  stm32f10x_it.o(i.TAMPER_IRQHandler)
    i.TIM1_BRK_IRQHandler                    0x08001c04   Section        0  stm32f10x_it.o(i.TIM1_BRK_IRQHandler)
    i.TIM1_CC_IRQHandler                     0x08001c24   Section        0  stm32f10x_it.o(i.TIM1_CC_IRQHandler)
    i.TIM1_TRG_COM_IRQHandler                0x08001c44   Section        0  stm32f10x_it.o(i.TIM1_TRG_COM_IRQHandler)
    i.TIM1_UP_IRQHandler                     0x08001c64   Section        0  stm32f10x_it.o(i.TIM1_UP_IRQHandler)
    i.TIM2_IRQHandler                        0x08001c84   Section        0  stm32f10x_it.o(i.TIM2_IRQHandler)
    i.TIM3_IRQHandler                        0x08001cac   Section        0  stm32f10x_it.o(i.TIM3_IRQHandler)
    i.TIM4_IRQHandler                        0x08001ce0   Section        0  stm32f10x_it.o(i.TIM4_IRQHandler)
    i.TIM5_IRQHandler                        0x08001d14   Section        0  stm32f10x_it.o(i.TIM5_IRQHandler)
    i.TIM6_IRQHandler                        0x08001d16   Section        0  stm32f10x_it.o(i.TIM6_IRQHandler)
    i.TIM7_IRQHandler                        0x08001d18   Section        0  stm32f10x_it.o(i.TIM7_IRQHandler)
    i.TIM8_BRK_IRQHandler                    0x08001d1a   Section        0  stm32f10x_it.o(i.TIM8_BRK_IRQHandler)
    i.TIM8_CC_IRQHandler                     0x08001d1c   Section        0  stm32f10x_it.o(i.TIM8_CC_IRQHandler)
    i.TIM8_TRG_COM_IRQHandler                0x08001d1e   Section        0  stm32f10x_it.o(i.TIM8_TRG_COM_IRQHandler)
    i.TIM8_UP_IRQHandler                     0x08001d20   Section        0  stm32f10x_it.o(i.TIM8_UP_IRQHandler)
    i.TIM_ClearITPendingBit                  0x08001d22   Section        0  stm32f10x_tim.o(i.TIM_ClearITPendingBit)
    i.TIM_GetITStatus                        0x08001d28   Section        0  stm32f10x_tim.o(i.TIM_GetITStatus)
    i.Task_Spi                               0x08001d4c   Section        0  spi.o(i.Task_Spi)
    i.UART4_IRQHandler                       0x08001d8c   Section        0  stm32f10x_it.o(i.UART4_IRQHandler)
    i.UART5_IRQHandler                       0x08001d8e   Section        0  stm32f10x_it.o(i.UART5_IRQHandler)
    i.USART1_IRQHandler                      0x08001d90   Section        0  stm32f10x_it.o(i.USART1_IRQHandler)
    i.USART2_IRQHandler                      0x08001dfc   Section        0  stm32f10x_it.o(i.USART2_IRQHandler)
    i.USART3_IRQHandler                      0x08001e68   Section        0  stm32f10x_it.o(i.USART3_IRQHandler)
    i.USART_ClearITPendingBit                0x08001ed4   Section        0  stm32f10x_usart.o(i.USART_ClearITPendingBit)
    i.USART_ClockInit                        0x08001ee8   Section        0  stm32f10x_usart.o(i.USART_ClockInit)
    i.USART_Cmd                              0x08001f0a   Section        0  stm32f10x_usart.o(i.USART_Cmd)
    i.USART_GetITStatus                      0x08001f22   Section        0  stm32f10x_usart.o(i.USART_GetITStatus)
    i.USART_ITConfig                         0x08001f6e   Section        0  stm32f10x_usart.o(i.USART_ITConfig)
    i.USART_Init                             0x08001fb0   Section        0  stm32f10x_usart.o(i.USART_Init)
    i.USART_ReceiveData                      0x0800204c   Section        0  stm32f10x_usart.o(i.USART_ReceiveData)
    i.USART_SendData                         0x08002056   Section        0  stm32f10x_usart.o(i.USART_SendData)
    i.USBWakeUp_IRQHandler                   0x0800205e   Section        0  stm32f10x_it.o(i.USBWakeUp_IRQHandler)
    i.USB_HP_CAN1_TX_IRQHandler              0x08002060   Section        0  stm32f10x_it.o(i.USB_HP_CAN1_TX_IRQHandler)
    i.USB_LP_CAN1_RX0_IRQHandler             0x08002080   Section        0  stm32f10x_it.o(i.USB_LP_CAN1_RX0_IRQHandler)
    i.UsageFault_Handler                     0x080020a0   Section        0  exception.o(i.UsageFault_Handler)
    i.WWDG_IRQHandler                        0x080020a4   Section        0  stm32f10x_it.o(i.WWDG_IRQHandler)
    i.__scatterload_copy                     0x080020c4   Section       14  handlers.o(i.__scatterload_copy)
    i.__scatterload_null                     0x080020d2   Section        2  handlers.o(i.__scatterload_null)
    i.__scatterload_zeroinit                 0x080020d4   Section       14  handlers.o(i.__scatterload_zeroinit)
    i.application_init                       0x080020e2   Section        0  main.o(i.application_init)
    application_init                         0x080020e3   Thumb Code    24  main.o(i.application_init)
    i.check_com_2_spi                        0x080020fc   Section        0  spi.o(i.check_com_2_spi)
    i.check_spi_2_com                        0x08002138   Section        0  spi.o(i.check_spi_2_com)
    i.delay                                  0x080021a4   Section        0  stm32f10x_flash.o(i.delay)
    delay                                    0x080021a5   Thumb Code    26  stm32f10x_flash.o(i.delay)
    i.flash_read                             0x080021be   Section        0  flash.o(i.flash_read)
    i.flash_write                            0x080021d4   Section        0  flash.o(i.flash_write)
    i.init_task_core                         0x08002224   Section        0  main.o(i.init_task_core)
    init_task_core                           0x08002225   Thumb Code    16  main.o(i.init_task_core)
    i.main                                   0x08002234   Section        0  main.o(i.main)
    i.spi1_init                              0x0800228c   Section        0  spi.o(i.spi1_init)
    i.spi2_init                              0x0800230c   Section        0  spi.o(i.spi2_init)
    i.spi_slave_write                        0x080023ac   Section        0  spi.o(i.spi_slave_write)
    i.system_init                            0x080023d4   Section        0  stm32f10x_target.o(i.system_init)
    i.tick_init                              0x080023ee   Section        0  stm32f10x_target.o(i.tick_init)
    i.uart1_init                             0x08002408   Section        0  uart.o(i.uart1_init)
    i.uart2_init                             0x080024b8   Section        0  uart.o(i.uart2_init)
    i.uart3_init                             0x08002564   Section        0  uart.o(i.uart3_init)
    i.uart_broadcast                         0x0800264c   Section        0  spi.o(i.uart_broadcast)
    i.uart_send                              0x0800269c   Section        0  spi.o(i.uart_send)
    i.uart_setbaud                           0x080026c4   Section        0  spi.o(i.uart_setbaud)
    i.wr_io                                  0x08002718   Section        0  gpio.o(i.wr_io)
    .constdata                               0x08002788   Section       20  stm32f10x_rcc.o(.constdata)
    APBAHBPrescTable                         0x08002788   Data          16  stm32f10x_rcc.o(.constdata)
    ADCPrescTable                            0x08002798   Data           4  stm32f10x_rcc.o(.constdata)
    .constdata                               0x0800279c   Section       94  os_dbg.o(.constdata)
    .constdata                               0x080027fa   Section      256  ucos_ii.o(.constdata)
    .constdata                               0x080028fc   Section       64  spi.o(.constdata)
    .data                                    0x20000000   Section        1  stm32f10x_target.o(.data)
    .data                                    0x20000004   Section        5  stm32f10x_rcc.o(.data)
    StartUpCounter                           0x20000004   Data           4  stm32f10x_rcc.o(.data)
    HSEStatus                                0x20000008   Data           1  stm32f10x_rcc.o(.data)
    .data                                    0x2000000a   Section       32  gpio.o(.data)
    .data                                    0x2000002c   Section        4  os_cpu_c.o(.data)
    .data                                    0x20000030   Section       56  ucos_ii.o(.data)
    .data                                    0x20000068   Section       28  spi.o(.data)
    .data                                    0x20000084   Section       96  uart.o(.data)
    .bss                                     0x200000e4   Section     5068  ucos_ii.o(.bss)
    .bss                                     0x200014b0   Section     1792  main.o(.bss)
    InitTaskStk                              0x200014b0   Data         256  main.o(.bss)
    Task_MainStk                             0x200015b0   Data         512  main.o(.bss)
    Task_SpiStk                              0x200017b0   Data         512  main.o(.bss)
    Task_UartStk                             0x200019b0   Data         512  main.o(.bss)
    .bss                                     0x20001bb0   Section      512  spi.o(.bss)
    .bss                                     0x20001db0   Section     1536  uart.o(.bss)
    STACK                                    0x200023b0   Section     1024  stm32f10x_hd.o(STACK)

    Global Symbols

    Symbol Name                              Value     Ov Type        Size  Object(Section)

    BuildAttributes$$THM_ISAv4$P$D$K$B$S$PE$A:L22UL41UL21$X:L11$S22US41US21$IEEE1$IW$USESV6$~STKCKD$USESV7$~SHL$OSPACE$EBA8$MICROLIB$REQ8$PRES8$EABIv2 0x00000000   Number         0  anon$$obj.o ABSOLUTE
    __ARM_use_no_argv                        0x00000000   Number         0  main.o ABSOLUTE
    __cpp_initialize__aeabi_                  - Undefined Weak Reference
    __cxa_finalize                            - Undefined Weak Reference
    __decompress                              - Undefined Weak Reference
    _clock_init                               - Undefined Weak Reference
    _microlib_exit                            - Undefined Weak Reference
    __Vectors_Size                           0x00000130   Number         0  stm32f10x_hd.o ABSOLUTE
    __Vectors                                0x08000000   Data           0  stm32f10x_hd.o(RESET)
    __Vectors_End                            0x08000130   Data           0  stm32f10x_hd.o(RESET)
    __main                                   0x08000131   Thumb Code     0  entry.o(.ARM.Collect$$$$00000000)
    _main_stk                                0x08000131   Thumb Code     0  entry2.o(.ARM.Collect$$$$00000001)
    _main_scatterload                        0x08000135   Thumb Code     0  entry5.o(.ARM.Collect$$$$00000004)
    __main_after_scatterload                 0x08000139   Thumb Code     0  entry5.o(.ARM.Collect$$$$00000004)
    _main_clock                              0x08000139   Thumb Code     0  entry7b.o(.ARM.Collect$$$$00000008)
    _main_cpp_init                           0x08000139   Thumb Code     0  entry8b.o(.ARM.Collect$$$$0000000A)
    _main_init                               0x08000139   Thumb Code     0  entry9a.o(.ARM.Collect$$$$0000000B)
    __rt_final_cpp                           0x08000141   Thumb Code     0  entry10a.o(.ARM.Collect$$$$0000000D)
    __rt_final_exit                          0x08000141   Thumb Code     0  entry11a.o(.ARM.Collect$$$$0000000F)
    Reset_Handler                            0x08000145   Thumb Code     8  stm32f10x_hd.o(.text)
    OS_ENTER_CRITICAL                        0x08000165   Thumb Code     0  os_cpu_a.o(.text)
    OS_EXIT_CRITICAL                         0x08000177   Thumb Code     0  os_cpu_a.o(.text)
    OSStartHighRdy                           0x08000191   Thumb Code     0  os_cpu_a.o(.text)
    OSCtxSw                                  0x080001b3   Thumb Code     0  os_cpu_a.o(.text)
    OSIntCtxSw                               0x080001c1   Thumb Code     0  os_cpu_a.o(.text)
    OSPendSV                                 0x080001d1   Thumb Code     0  os_cpu_a.o(.text)
    ItDisAll                                 0x0800021f   Thumb Code     0  os_cpu_a.o(.text)
    __scatterload                            0x0800024d   Thumb Code    28  init.o(.text)
    __scatterload_rt2                        0x0800024d   Thumb Code     0  init.o(.text)
    ADC1_2_IRQHandler                        0x08000271   Thumb Code    26  stm32f10x_it.o(i.ADC1_2_IRQHandler)
    ADC3_IRQHandler                          0x08000291   Thumb Code    26  stm32f10x_it.o(i.ADC3_IRQHandler)
    BusFault_Handler                         0x080002b1   Thumb Code     4  exception.o(i.BusFault_Handler)
    CAN1_RX1_IRQHandler                      0x080002b5   Thumb Code    26  stm32f10x_it.o(i.CAN1_RX1_IRQHandler)
    CAN1_SCE_IRQHandler                      0x080002d5   Thumb Code    26  stm32f10x_it.o(i.CAN1_SCE_IRQHandler)
    DMA1_Channel1_IRQHandler                 0x080002f5   Thumb Code    26  stm32f10x_it.o(i.DMA1_Channel1_IRQHandler)
    DMA1_Channel2_IRQHandler                 0x08000315   Thumb Code    26  stm32f10x_it.o(i.DMA1_Channel2_IRQHandler)
    DMA1_Channel3_IRQHandler                 0x08000335   Thumb Code    26  stm32f10x_it.o(i.DMA1_Channel3_IRQHandler)
    DMA1_Channel4_IRQHandler                 0x08000355   Thumb Code    26  stm32f10x_it.o(i.DMA1_Channel4_IRQHandler)
    DMA1_Channel5_IRQHandler                 0x08000375   Thumb Code    26  stm32f10x_it.o(i.DMA1_Channel5_IRQHandler)
    DMA1_Channel6_IRQHandler                 0x08000395   Thumb Code    26  stm32f10x_it.o(i.DMA1_Channel6_IRQHandler)
    DMA1_Channel7_IRQHandler                 0x080003b5   Thumb Code    26  stm32f10x_it.o(i.DMA1_Channel7_IRQHandler)
    DMA2_Channel1_IRQHandler                 0x080003d5   Thumb Code     2  stm32f10x_it.o(i.DMA2_Channel1_IRQHandler)
    DMA2_Channel2_IRQHandler                 0x080003d7   Thumb Code     2  stm32f10x_it.o(i.DMA2_Channel2_IRQHandler)
    DMA2_Channel3_IRQHandler                 0x080003d9   Thumb Code     2  stm32f10x_it.o(i.DMA2_Channel3_IRQHandler)
    DMA2_Channel4_5_IRQHandler               0x080003dd   Thumb Code    26  stm32f10x_it.o(i.DMA2_Channel4_5_IRQHandler)
    DMA_Configuration                        0x080003fd   Thumb Code   144  stm32f10x_target.o(i.DMA_Configuration)
    DMA_DeInit                               0x080004a9   Thumb Code   306  stm32f10x_dma.o(i.DMA_DeInit)
    DMA_Init                                 0x080005ed   Thumb Code    60  stm32f10x_dma.o(i.DMA_Init)
    DebugMon_Handler                         0x08000629   Thumb Code     2  exception.o(i.DebugMon_Handler)
    EXTI0_IRQHandler                         0x0800062d   Thumb Code    32  stm32f10x_it.o(i.EXTI0_IRQHandler)
    EXTI15_10_IRQHandler                     0x08000651   Thumb Code    26  stm32f10x_it.o(i.EXTI15_10_IRQHandler)
    EXTI1_IRQHandler                         0x08000671   Thumb Code    32  stm32f10x_it.o(i.EXTI1_IRQHandler)
    EXTI2_IRQHandler                         0x08000695   Thumb Code    32  stm32f10x_it.o(i.EXTI2_IRQHandler)
    EXTI3_IRQHandler                         0x080006b9   Thumb Code    32  stm32f10x_it.o(i.EXTI3_IRQHandler)
    EXTI4_IRQHandler                         0x080006dd   Thumb Code    32  stm32f10x_it.o(i.EXTI4_IRQHandler)
    EXTI9_5_IRQHandler                       0x08000701   Thumb Code    26  stm32f10x_it.o(i.EXTI9_5_IRQHandler)
    EXTI_ClearITPendingBit                   0x08000721   Thumb Code     6  stm32f10x_exti.o(i.EXTI_ClearITPendingBit)
    FLASH_ErasePage                          0x0800072d   Thumb Code    76  stm32f10x_flash.o(i.FLASH_ErasePage)
    FLASH_GetStatus                          0x0800077d   Thumb Code    48  stm32f10x_flash.o(i.FLASH_GetStatus)
    FLASH_IRQHandler                         0x080007b1   Thumb Code    26  stm32f10x_it.o(i.FLASH_IRQHandler)
    FLASH_PrefetchBufferCmd                  0x080007d1   Thumb Code    22  stm32f10x_flash.o(i.FLASH_PrefetchBufferCmd)
    FLASH_SetLatency                         0x080007ed   Thumb Code    22  stm32f10x_flash.o(i.FLASH_SetLatency)
    FLASH_Unlock                             0x08000809   Thumb Code    12  stm32f10x_flash.o(i.FLASH_Unlock)
    FLASH_WaitForLastOperation               0x08000821   Thumb Code    42  stm32f10x_flash.o(i.FLASH_WaitForLastOperation)
    FSMC_IRQHandler                          0x0800084b   Thumb Code     2  stm32f10x_it.o(i.FSMC_IRQHandler)
    GPIO_Init                                0x08000865   Thumb Code   272  stm32f10x_gpio.o(i.GPIO_Init)
    GPIO_PinRemapConfig                      0x08000975   Thumb Code   106  stm32f10x_gpio.o(i.GPIO_PinRemapConfig)
    GPIO_WriteBit                            0x080009e5   Thumb Code    10  stm32f10x_gpio.o(i.GPIO_WriteBit)
    HardFault_Handler                        0x080009ef   Thumb Code     4  exception.o(i.HardFault_Handler)
    I2C1_ER_IRQHandler                       0x080009f3   Thumb Code     2  stm32f10x_it.o(i.I2C1_ER_IRQHandler)
    I2C1_EV_IRQHandler                       0x080009f5   Thumb Code     2  stm32f10x_it.o(i.I2C1_EV_IRQHandler)
    I2C2_ER_IRQHandler                       0x080009f7   Thumb Code     2  stm32f10x_it.o(i.I2C2_ER_IRQHandler)
    I2C2_EV_IRQHandler                       0x080009f9   Thumb Code     2  stm32f10x_it.o(i.I2C2_EV_IRQHandler)
    MemManage_Handler                        0x080009fb   Thumb Code     4  exception.o(i.MemManage_Handler)
    NMI_Handler                              0x080009ff   Thumb Code     2  exception.o(i.NMI_Handler)
    NVIC_DeInit                              0x08000a79   Thumb Code    58  stm32f10x_nvic.o(i.NVIC_DeInit)
    NVIC_Init                                0x08000ac5   Thumb Code   152  stm32f10x_nvic.o(i.NVIC_Init)
    NVIC_PriorityGroupConfig                 0x08000b69   Thumb Code    10  stm32f10x_nvic.o(i.NVIC_PriorityGroupConfig)
    NVIC_SetVectorTable                      0x08000b7d   Thumb Code    12  stm32f10x_nvic.o(i.NVIC_SetVectorTable)
    OSDebugInit                              0x08000b91   Thumb Code    94  os_dbg.o(i.OSDebugInit)
    OSInit                                   0x08000ca5   Thumb Code    44  ucos_ii.o(i.OSInit)
    OSInitHookBegin                          0x08000cd1   Thumb Code     2  os_cpu_c.o(i.OSInitHookBegin)
    OSInitHookEnd                            0x08000cd3   Thumb Code     2  os_cpu_c.o(i.OSInitHookEnd)
    OSIntExit                                0x08000cd5   Thumb Code   106  ucos_ii.o(i.OSIntExit)
    OSStart                                  0x08000d61   Thumb Code    48  ucos_ii.o(i.OSStart)
    OSTCBInitHook                            0x08000da9   Thumb Code     4  os_cpu_c.o(i.OSTCBInitHook)
    OSTaskCreate                             0x08000dad   Thumb Code   134  ucos_ii.o(i.OSTaskCreate)
    OSTaskCreateExt                          0x08000e41   Thumb Code   152  ucos_ii.o(i.OSTaskCreateExt)
    OSTaskCreateHook                         0x08000ee5   Thumb Code     4  os_cpu_c.o(i.OSTaskCreateHook)
    OSTaskIdleHook                           0x08000ee9   Thumb Code     2  os_cpu_c.o(i.OSTaskIdleHook)
    OSTaskNameSet                            0x08000eed   Thumb Code   104  ucos_ii.o(i.OSTaskNameSet)
    OSTaskStatHook                           0x08000f5d   Thumb Code     2  os_cpu_c.o(i.OSTaskStatHook)
    OSTaskStkInit                            0x08000f5f   Thumb Code   154  os_cpu_c.o(i.OSTaskStkInit)
    OSTaskSuspend                            0x08000ff9   Thumb Code   142  ucos_ii.o(i.OSTaskSuspend)
    OSTaskSwHook                             0x08001099   Thumb Code     2  os_cpu_c.o(i.OSTaskSwHook)
    OSTimeDly                                0x0800109d   Thumb Code    80  ucos_ii.o(i.OSTimeDly)
    OSTimeTick                               0x080010f9   Thumb Code   134  ucos_ii.o(i.OSTimeTick)
    OS_MemClr                                0x08001365   Thumb Code    18  ucos_ii.o(i.OS_MemClr)
    OS_MemInit                               0x08001379   Thumb Code    70  ucos_ii.o(i.OS_MemInit)
    OS_Sched                                 0x080013c9   Thumb Code    80  ucos_ii.o(i.OS_Sched)
    OS_StrCopy                               0x08001495   Thumb Code    28  ucos_ii.o(i.OS_StrCopy)
    OS_StrLen                                0x080014b1   Thumb Code    20  ucos_ii.o(i.OS_StrLen)
    OS_TCBInit                               0x080014c5   Thumb Code   252  ucos_ii.o(i.OS_TCBInit)
    OS_TaskIdle                              0x080015d9   Thumb Code    26  ucos_ii.o(i.OS_TaskIdle)
    OS_TaskStat                              0x080015f9   Thumb Code   118  ucos_ii.o(i.OS_TaskStat)
    OS_TaskStkClr                            0x08001685   Thumb Code    26  ucos_ii.o(i.OS_TaskStkClr)
    PVD_IRQHandler                           0x080016a1   Thumb Code    26  stm32f10x_it.o(i.PVD_IRQHandler)
    RCC_ADCCLKConfig                         0x080016c1   Thumb Code    18  stm32f10x_rcc.o(i.RCC_ADCCLKConfig)
    RCC_AHBPeriphClockCmd                    0x080016d9   Thumb Code    26  stm32f10x_rcc.o(i.RCC_AHBPeriphClockCmd)
    RCC_APB1PeriphClockCmd                   0x080016f9   Thumb Code    26  stm32f10x_rcc.o(i.RCC_APB1PeriphClockCmd)
    RCC_APB2PeriphClockCmd                   0x08001719   Thumb Code    26  stm32f10x_rcc.o(i.RCC_APB2PeriphClockCmd)
    RCC_GetClocksFreq                        0x080017cd   Thumb Code   192  stm32f10x_rcc.o(i.RCC_GetClocksFreq)
    RCC_GetFlagStatus                        0x080018a1   Thumb Code    56  stm32f10x_rcc.o(i.RCC_GetFlagStatus)
    RCC_GetSYSCLKSource                      0x080018dd   Thumb Code    10  stm32f10x_rcc.o(i.RCC_GetSYSCLKSource)
    RCC_HCLKConfig                           0x080018ed   Thumb Code    18  stm32f10x_rcc.o(i.RCC_HCLKConfig)
    RCC_HSEConfig                            0x08001905   Thumb Code    70  stm32f10x_rcc.o(i.RCC_HSEConfig)
    RCC_IRQHandler                           0x08001951   Thumb Code    26  stm32f10x_it.o(i.RCC_IRQHandler)
    RCC_MCOConfig                            0x08001971   Thumb Code     6  stm32f10x_rcc.o(i.RCC_MCOConfig)
    RCC_PCLK1Config                          0x0800197d   Thumb Code    18  stm32f10x_rcc.o(i.RCC_PCLK1Config)
    RCC_PCLK2Config                          0x08001995   Thumb Code    20  stm32f10x_rcc.o(i.RCC_PCLK2Config)
    RCC_PLLCmd                               0x080019ad   Thumb Code     6  stm32f10x_rcc.o(i.RCC_PLLCmd)
    RCC_PLLConfig                            0x080019b9   Thumb Code    24  stm32f10x_rcc.o(i.RCC_PLLConfig)
    RCC_SYSCLKConfig                         0x080019d5   Thumb Code    18  stm32f10x_rcc.o(i.RCC_SYSCLKConfig)
    RCC_WaitForHSEStartUp                    0x080019ed   Thumb Code    62  stm32f10x_rcc.o(i.RCC_WaitForHSEStartUp)
    RTCAlarm_IRQHandler                      0x08001a35   Thumb Code     2  stm32f10x_it.o(i.RTCAlarm_IRQHandler)
    RTC_IRQHandler                           0x08001a39   Thumb Code    26  stm32f10x_it.o(i.RTC_IRQHandler)
    SDIO_IRQHandler                          0x08001a59   Thumb Code     2  stm32f10x_it.o(i.SDIO_IRQHandler)
    SPI1_IRQHandler                          0x08001a5d   Thumb Code    26  stm32f10x_it.o(i.SPI1_IRQHandler)
    SPI2_IRQHandler                          0x08001a7d   Thumb Code    68  stm32f10x_it.o(i.SPI2_IRQHandler)
    SPI3_IRQHandler                          0x08001acd   Thumb Code     2  stm32f10x_it.o(i.SPI3_IRQHandler)
    SPI_Cmd                                  0x08001acf   Thumb Code    24  stm32f10x_spi.o(i.SPI_Cmd)
    SPI_I2S_GetFlagStatus                    0x08001ae7   Thumb Code    18  stm32f10x_spi.o(i.SPI_I2S_GetFlagStatus)
    SPI_I2S_ITConfig                         0x08001af9   Thumb Code    32  stm32f10x_spi.o(i.SPI_I2S_ITConfig)
    SPI_I2S_ReceiveData                      0x08001b19   Thumb Code     6  stm32f10x_spi.o(i.SPI_I2S_ReceiveData)
    SPI_Init                                 0x08001b1f   Thumb Code    60  stm32f10x_spi.o(i.SPI_Init)
    SVC_Handler                              0x08001b5b   Thumb Code     2  exception.o(i.SVC_Handler)
    SysTickHandler                           0x08001b5d   Thumb Code    30  stm32f10x_it.o(i.SysTickHandler)
    SysTick_CounterCmd                       0x08001b81   Thumb Code    54  stm32f10x_systick.o(i.SysTick_CounterCmd)
    SysTick_ITConfig                         0x08001bb7   Thumb Code    38  stm32f10x_systick.o(i.SysTick_ITConfig)
    SysTick_SetReload                        0x08001bdd   Thumb Code     8  stm32f10x_systick.o(i.SysTick_SetReload)
    TAMPER_IRQHandler                        0x08001be5   Thumb Code    26  stm32f10x_it.o(i.TAMPER_IRQHandler)
    TIM1_BRK_IRQHandler                      0x08001c05   Thumb Code    26  stm32f10x_it.o(i.TIM1_BRK_IRQHandler)
    TIM1_CC_IRQHandler                       0x08001c25   Thumb Code    26  stm32f10x_it.o(i.TIM1_CC_IRQHandler)
    TIM1_TRG_COM_IRQHandler                  0x08001c45   Thumb Code    26  stm32f10x_it.o(i.TIM1_TRG_COM_IRQHandler)
    TIM1_UP_IRQHandler                       0x08001c65   Thumb Code    26  stm32f10x_it.o(i.TIM1_UP_IRQHandler)
    TIM2_IRQHandler                          0x08001c85   Thumb Code    34  stm32f10x_it.o(i.TIM2_IRQHandler)
    TIM3_IRQHandler                          0x08001cad   Thumb Code    44  stm32f10x_it.o(i.TIM3_IRQHandler)
    TIM4_IRQHandler                          0x08001ce1   Thumb Code    44  stm32f10x_it.o(i.TIM4_IRQHandler)
    TIM5_IRQHandler                          0x08001d15   Thumb Code     2  stm32f10x_it.o(i.TIM5_IRQHandler)
    TIM6_IRQHandler                          0x08001d17   Thumb Code     2  stm32f10x_it.o(i.TIM6_IRQHandler)
    TIM7_IRQHandler                          0x08001d19   Thumb Code     2  stm32f10x_it.o(i.TIM7_IRQHandler)
    TIM8_BRK_IRQHandler                      0x08001d1b   Thumb Code     2  stm32f10x_it.o(i.TIM8_BRK_IRQHandler)
    TIM8_CC_IRQHandler                       0x08001d1d   Thumb Code     2  stm32f10x_it.o(i.TIM8_CC_IRQHandler)
    TIM8_TRG_COM_IRQHandler                  0x08001d1f   Thumb Code     2  stm32f10x_it.o(i.TIM8_TRG_COM_IRQHandler)
    TIM8_UP_IRQHandler                       0x08001d21   Thumb Code     2  stm32f10x_it.o(i.TIM8_UP_IRQHandler)
    TIM_ClearITPendingBit                    0x08001d23   Thumb Code     6  stm32f10x_tim.o(i.TIM_ClearITPendingBit)
    TIM_GetITStatus                          0x08001d29   Thumb Code    34  stm32f10x_tim.o(i.TIM_GetITStatus)
    Task_Spi                                 0x08001d4d   Thumb Code    48  spi.o(i.Task_Spi)
    UART4_IRQHandler                         0x08001d8d   Thumb Code     2  stm32f10x_it.o(i.UART4_IRQHandler)
    UART5_IRQHandler                         0x08001d8f   Thumb Code     2  stm32f10x_it.o(i.UART5_IRQHandler)
    USART1_IRQHandler                        0x08001d91   Thumb Code    94  stm32f10x_it.o(i.USART1_IRQHandler)
    USART2_IRQHandler                        0x08001dfd   Thumb Code    94  stm32f10x_it.o(i.USART2_IRQHandler)
    USART3_IRQHandler                        0x08001e69   Thumb Code    94  stm32f10x_it.o(i.USART3_IRQHandler)
    USART_ClearITPendingBit                  0x08001ed5   Thumb Code    20  stm32f10x_usart.o(i.USART_ClearITPendingBit)
    USART_ClockInit                          0x08001ee9   Thumb Code    34  stm32f10x_usart.o(i.USART_ClockInit)
    USART_Cmd                                0x08001f0b   Thumb Code    24  stm32f10x_usart.o(i.USART_Cmd)
    USART_GetITStatus                        0x08001f23   Thumb Code    76  stm32f10x_usart.o(i.USART_GetITStatus)
    USART_ITConfig                           0x08001f6f   Thumb Code    64  stm32f10x_usart.o(i.USART_ITConfig)
    USART_Init                               0x08001fb1   Thumb Code   150  stm32f10x_usart.o(i.USART_Init)
    USART_ReceiveData                        0x0800204d   Thumb Code    10  stm32f10x_usart.o(i.USART_ReceiveData)
    USART_SendData                           0x08002057   Thumb Code     8  stm32f10x_usart.o(i.USART_SendData)
    USBWakeUp_IRQHandler                     0x0800205f   Thumb Code     2  stm32f10x_it.o(i.USBWakeUp_IRQHandler)
    USB_HP_CAN1_TX_IRQHandler                0x08002061   Thumb Code    26  stm32f10x_it.o(i.USB_HP_CAN1_TX_IRQHandler)
    USB_LP_CAN1_RX0_IRQHandler               0x08002081   Thumb Code    26  stm32f10x_it.o(i.USB_LP_CAN1_RX0_IRQHandler)
    UsageFault_Handler                       0x080020a1   Thumb Code     4  exception.o(i.UsageFault_Handler)
    WWDG_IRQHandler                          0x080020a5   Thumb Code    26  stm32f10x_it.o(i.WWDG_IRQHandler)
    __scatterload_copy                       0x080020c5   Thumb Code    14  handlers.o(i.__scatterload_copy)
    __scatterload_null                       0x080020d3   Thumb Code     2  handlers.o(i.__scatterload_null)
    __scatterload_zeroinit                   0x080020d5   Thumb Code    14  handlers.o(i.__scatterload_zeroinit)
    check_com_2_spi                          0x080020fd   Thumb Code    54  spi.o(i.check_com_2_spi)
    check_spi_2_com                          0x08002139   Thumb Code   104  spi.o(i.check_spi_2_com)
    flash_read                               0x080021bf   Thumb Code    20  flash.o(i.flash_read)
    flash_write                              0x080021d5   Thumb Code    76  flash.o(i.flash_write)
    main                                     0x08002235   Thumb Code    70  main.o(i.main)
    spi1_init                                0x0800228d   Thumb Code   120  spi.o(i.spi1_init)
    spi2_init                                0x0800230d   Thumb Code   150  spi.o(i.spi2_init)
    spi_slave_write                          0x080023ad   Thumb Code    40  spi.o(i.spi_slave_write)
    system_init                              0x080023d5   Thumb Code    26  stm32f10x_target.o(i.system_init)
    tick_init                                0x080023ef   Thumb Code    24  stm32f10x_target.o(i.tick_init)
    uart1_init                               0x08002409   Thumb Code   162  uart.o(i.uart1_init)
    uart2_init                               0x080024b9   Thumb Code   158  uart.o(i.uart2_init)
    uart3_init                               0x08002565   Thumb Code   216  uart.o(i.uart3_init)
    uart_broadcast                           0x0800264d   Thumb Code    66  spi.o(i.uart_broadcast)
    uart_send                                0x0800269d   Thumb Code    36  spi.o(i.uart_send)
    uart_setbaud                             0x080026c5   Thumb Code    70  spi.o(i.uart_setbaud)
    wr_io                                    0x08002719   Thumb Code    78  gpio.o(i.wr_io)
    OSDebugEn                                0x0800279c   Data           2  os_dbg.o(.constdata)
    OSEndiannessTest                         0x080027a0   Data           4  os_dbg.o(.constdata)
    OSEventMax                               0x080027a4   Data           2  os_dbg.o(.constdata)
    OSEventNameSize                          0x080027a6   Data           2  os_dbg.o(.constdata)
    OSEventEn                                0x080027a8   Data           2  os_dbg.o(.constdata)
    OSEventSize                              0x080027aa   Data           2  os_dbg.o(.constdata)
    OSEventTblSize                           0x080027ac   Data           2  os_dbg.o(.constdata)
    OSFlagEn                                 0x080027ae   Data           2  os_dbg.o(.constdata)
    OSFlagGrpSize                            0x080027b0   Data           2  os_dbg.o(.constdata)
    OSFlagNodeSize                           0x080027b2   Data           2  os_dbg.o(.constdata)
    OSFlagWidth                              0x080027b4   Data           2  os_dbg.o(.constdata)
    OSFlagMax                                0x080027b6   Data           2  os_dbg.o(.constdata)
    OSFlagNameSize                           0x080027b8   Data           2  os_dbg.o(.constdata)
    OSLowestPrio                             0x080027ba   Data           2  os_dbg.o(.constdata)
    OSMboxEn                                 0x080027bc   Data           2  os_dbg.o(.constdata)
    OSMemEn                                  0x080027be   Data           2  os_dbg.o(.constdata)
    OSMemMax                                 0x080027c0   Data           2  os_dbg.o(.constdata)
    OSMemNameSize                            0x080027c2   Data           2  os_dbg.o(.constdata)
    OSMemSize                                0x080027c4   Data           2  os_dbg.o(.constdata)
    OSMemTblSize                             0x080027c6   Data           2  os_dbg.o(.constdata)
    OSMutexEn                                0x080027c8   Data           2  os_dbg.o(.constdata)
    OSPtrSize                                0x080027ca   Data           2  os_dbg.o(.constdata)
    OSQEn                                    0x080027cc   Data           2  os_dbg.o(.constdata)
    OSQMax                                   0x080027ce   Data           2  os_dbg.o(.constdata)
    OSQSize                                  0x080027d0   Data           2  os_dbg.o(.constdata)
    OSRdyTblSize                             0x080027d2   Data           2  os_dbg.o(.constdata)
    OSSemEn                                  0x080027d4   Data           2  os_dbg.o(.constdata)
    OSStkWidth                               0x080027d6   Data           2  os_dbg.o(.constdata)
    OSTaskCreateEn                           0x080027d8   Data           2  os_dbg.o(.constdata)
    OSTaskCreateExtEn                        0x080027da   Data           2  os_dbg.o(.constdata)
    OSTaskDelEn                              0x080027dc   Data           2  os_dbg.o(.constdata)
    OSTaskIdleStkSize                        0x080027de   Data           2  os_dbg.o(.constdata)
    OSTaskProfileEn                          0x080027e0   Data           2  os_dbg.o(.constdata)
    OSTaskMax                                0x080027e2   Data           2  os_dbg.o(.constdata)
    OSTaskNameSize                           0x080027e4   Data           2  os_dbg.o(.constdata)
    OSTaskStatEn                             0x080027e6   Data           2  os_dbg.o(.constdata)
    OSTaskStatStkSize                        0x080027e8   Data           2  os_dbg.o(.constdata)
    OSTaskStatStkChkEn                       0x080027ea   Data           2  os_dbg.o(.constdata)
    OSTaskSwHookEn                           0x080027ec   Data           2  os_dbg.o(.constdata)
    OSTCBPrioTblMax                          0x080027ee   Data           2  os_dbg.o(.constdata)
    OSTCBSize                                0x080027f0   Data           2  os_dbg.o(.constdata)
    OSTicksPerSec                            0x080027f2   Data           2  os_dbg.o(.constdata)
    OSTimeTickHookEn                         0x080027f4   Data           2  os_dbg.o(.constdata)
    OSVersionNbr                             0x080027f6   Data           2  os_dbg.o(.constdata)
    OSDataSize                               0x080027f8   Data           2  os_dbg.o(.constdata)
    OSUnMapTbl                               0x080027fa   Data         256  ucos_ii.o(.constdata)
    baud_table                               0x080028fc   Data          64  spi.o(.constdata)
    Region$$Table$$Base                      0x0800293c   Number         0  anon$$obj.o(Region$$Table)
    Region$$Table$$Limit                     0x0800295c   Number         0  anon$$obj.o(Region$$Table)
    hse_startup_status                       0x20000000   Data           1  stm32f10x_target.o(.data)
    io_bit                                   0x2000000a   Data          32  gpio.o(.data)
    OSInterrputSum                           0x2000002c   Data           4  os_cpu_c.o(.data)
    OSCtxSwCtr                               0x20000030   Data           4  ucos_ii.o(.data)
    OSEventFreeList                          0x20000034   Data           4  ucos_ii.o(.data)
    OSCPUUsage                               0x20000038   Data           1  ucos_ii.o(.data)
    OSIdleCtrMax                             0x2000003c   Data           4  ucos_ii.o(.data)
    OSIdleCtrRun                             0x20000040   Data           4  ucos_ii.o(.data)
    OSStatRdy                                0x20000044   Data           1  ucos_ii.o(.data)
    OSIntNesting                             0x20000045   Data           1  ucos_ii.o(.data)
    OSLockNesting                            0x20000046   Data           1  ucos_ii.o(.data)
    OSPrioCur                                0x20000047   Data           1  ucos_ii.o(.data)
    OSPrioHighRdy                            0x20000048   Data           1  ucos_ii.o(.data)
    OSRdyGrp                                 0x2000004a   Data           2  ucos_ii.o(.data)
    OSRunning                                0x2000004c   Data           1  ucos_ii.o(.data)
    OSTaskCtr                                0x2000004d   Data           1  ucos_ii.o(.data)
    OSIdleCtr                                0x20000050   Data           4  ucos_ii.o(.data)
    OSTCBCur                                 0x20000054   Data           4  ucos_ii.o(.data)
    OSTCBFreeList                            0x20000058   Data           4  ucos_ii.o(.data)
    OSTCBHighRdy                             0x2000005c   Data           4  ucos_ii.o(.data)
    OSTCBList                                0x20000060   Data           4  ucos_ii.o(.data)
    OSMemFreeList                            0x20000064   Data           4  ucos_ii.o(.data)
    usart_table                              0x20000068   Data          12  spi.o(.data)
    st_spi_rx                                0x20000074   Data          12  spi.o(.data)
    spi_rx                                   0x20000080   Data           4  spi.o(.data)
    st_uart1_tx                              0x20000084   Data          12  uart.o(.data)
    st_uart1_rx                              0x20000090   Data          12  uart.o(.data)
    st_uart2_tx                              0x2000009c   Data          12  uart.o(.data)
    st_uart2_rx                              0x200000a8   Data          12  uart.o(.data)
    st_uart3_tx                              0x200000b4   Data          12  uart.o(.data)
    st_uart3_rx                              0x200000c0   Data          12  uart.o(.data)
    uart1_tx                                 0x200000cc   Data           4  uart.o(.data)
    uart1_rx                                 0x200000d0   Data           4  uart.o(.data)
    uart2_tx                                 0x200000d4   Data           4  uart.o(.data)
    uart2_rx                                 0x200000d8   Data           4  uart.o(.data)
    uart3_tx                                 0x200000dc   Data           4  uart.o(.data)
    uart3_rx                                 0x200000e0   Data           4  uart.o(.data)
    OSEventTbl                               0x200000e4   Data         840  ucos_ii.o(.bss)
    OSTaskStatStk                            0x2000042c   Data         200  ucos_ii.o(.bss)
    OSRdyTbl                                 0x200004f4   Data          14  ucos_ii.o(.bss)
    OSTaskIdleStk                            0x20000504   Data         200  ucos_ii.o(.bss)
    OSTCBPrioTbl                             0x200005cc   Data         404  ucos_ii.o(.bss)
    OSTCBTbl                                 0x20000760   Data        2688  ucos_ii.o(.bss)
    OSMemTbl                                 0x200011e0   Data         720  ucos_ii.o(.bss)
    spi_buf                                  0x20001bb0   Data         512  spi.o(.bss)
    uart1_tx_buf                             0x20001db0   Data         256  uart.o(.bss)
    uart1_rx_buf                             0x20001eb0   Data         256  uart.o(.bss)
    uart2_tx_buf                             0x20001fb0   Data         256  uart.o(.bss)
    uart2_rx_buf                             0x200020b0   Data         256  uart.o(.bss)
    uart3_tx_buf                             0x200021b0   Data         256  uart.o(.bss)
    uart3_rx_buf                             0x200022b0   Data         256  uart.o(.bss)
    __initial_sp                             0x200027b0   Data           0  stm32f10x_hd.o(STACK)



==============================================================================

Memory Map of the image

  Image Entry point : 0x08000131

  Load Region LR_IROM1 (Base: 0x08000000, Size: 0x00002a40, Max: 0x00010000, ABSOLUTE)

    Execution Region ER_IROM1 (Base: 0x08000000, Size: 0x0000295c, Max: 0x00010000, ABSOLUTE)

    Base Addr    Size         Type   Attr      Idx    E Section Name        Object

    0x08000000   0x00000130   Data   RO          611    RESET               stm32f10x_hd.o
    0x08000130   0x00000000   Code   RO         3420  * .ARM.Collect$$$$00000000  mc_w.l(entry.o)
    0x08000130   0x00000004   Code   RO         3423    .ARM.Collect$$$$00000001  mc_w.l(entry2.o)
    0x08000134   0x00000004   Code   RO         3426    .ARM.Collect$$$$00000004  mc_w.l(entry5.o)
    0x08000138   0x00000000   Code   RO         3428    .ARM.Collect$$$$00000008  mc_w.l(entry7b.o)
    0x08000138   0x00000000   Code   RO         3430    .ARM.Collect$$$$0000000A  mc_w.l(entry8b.o)
    0x08000138   0x00000008   Code   RO         3431    .ARM.Collect$$$$0000000B  mc_w.l(entry9a.o)
    0x08000140   0x00000000   Code   RO         3433    .ARM.Collect$$$$0000000D  mc_w.l(entry10a.o)
    0x08000140   0x00000000   Code   RO         3435    .ARM.Collect$$$$0000000F  mc_w.l(entry11a.o)
    0x08000140   0x00000004   Code   RO         3424    .ARM.Collect$$$$00002712  mc_w.l(entry2.o)
    0x08000144   0x00000020   Code   RO          612    .text               stm32f10x_hd.o
    0x08000164   0x000000e8   Code   RO         2739    .text               os_cpu_a.o
    0x0800024c   0x00000024   Code   RO         3437    .text               mc_w.l(init.o)
    0x08000270   0x00000020   Code   RO          138    i.ADC1_2_IRQHandler  stm32f10x_it.o
    0x08000290   0x00000020   Code   RO          139    i.ADC3_IRQHandler   stm32f10x_it.o
    0x080002b0   0x00000004   Code   RO            1    i.BusFault_Handler  exception.o
    0x080002b4   0x00000020   Code   RO          140    i.CAN1_RX1_IRQHandler  stm32f10x_it.o
    0x080002d4   0x00000020   Code   RO          141    i.CAN1_SCE_IRQHandler  stm32f10x_it.o
    0x080002f4   0x00000020   Code   RO          142    i.DMA1_Channel1_IRQHandler  stm32f10x_it.o
    0x08000314   0x00000020   Code   RO          143    i.DMA1_Channel2_IRQHandler  stm32f10x_it.o
    0x08000334   0x00000020   Code   RO          144    i.DMA1_Channel3_IRQHandler  stm32f10x_it.o
    0x08000354   0x00000020   Code   RO          145    i.DMA1_Channel4_IRQHandler  stm32f10x_it.o
    0x08000374   0x00000020   Code   RO          146    i.DMA1_Channel5_IRQHandler  stm32f10x_it.o
    0x08000394   0x00000020   Code   RO          147    i.DMA1_Channel6_IRQHandler  stm32f10x_it.o
    0x080003b4   0x00000020   Code   RO          148    i.DMA1_Channel7_IRQHandler  stm32f10x_it.o
    0x080003d4   0x00000002   Code   RO          149    i.DMA2_Channel1_IRQHandler  stm32f10x_it.o
    0x080003d6   0x00000002   Code   RO          150    i.DMA2_Channel2_IRQHandler  stm32f10x_it.o
    0x080003d8   0x00000002   Code   RO          151    i.DMA2_Channel3_IRQHandler  stm32f10x_it.o
    0x080003da   0x00000002   PAD
    0x080003dc   0x00000020   Code   RO          152    i.DMA2_Channel4_5_IRQHandler  stm32f10x_it.o
    0x080003fc   0x000000ac   Code   RO          543    i.DMA_Configuration  stm32f10x_target.o
    0x080004a8   0x00000144   Code   RO          842    i.DMA_DeInit        stm32f10x_dma.o
    0x080005ec   0x0000003c   Code   RO          847    i.DMA_Init          stm32f10x_dma.o
    0x08000628   0x00000002   Code   RO            2    i.DebugMon_Handler  exception.o
    0x0800062a   0x00000002   PAD
    0x0800062c   0x00000024   Code   RO          153    i.EXTI0_IRQHandler  stm32f10x_it.o
    0x08000650   0x00000020   Code   RO          154    i.EXTI15_10_IRQHandler  stm32f10x_it.o
    0x08000670   0x00000024   Code   RO          155    i.EXTI1_IRQHandler  stm32f10x_it.o
    0x08000694   0x00000024   Code   RO          156    i.EXTI2_IRQHandler  stm32f10x_it.o
    0x080006b8   0x00000024   Code   RO          157    i.EXTI3_IRQHandler  stm32f10x_it.o
    0x080006dc   0x00000024   Code   RO          158    i.EXTI4_IRQHandler  stm32f10x_it.o
    0x08000700   0x00000020   Code   RO          159    i.EXTI9_5_IRQHandler  stm32f10x_it.o
    0x08000720   0x0000000c   Code   RO          906    i.EXTI_ClearITPendingBit  stm32f10x_exti.o
    0x0800072c   0x00000050   Code   RO          963    i.FLASH_ErasePage   stm32f10x_flash.o
    0x0800077c   0x00000034   Code   RO          967    i.FLASH_GetStatus   stm32f10x_flash.o
    0x080007b0   0x00000020   Code   RO          160    i.FLASH_IRQHandler  stm32f10x_it.o
    0x080007d0   0x0000001c   Code   RO          973    i.FLASH_PrefetchBufferCmd  stm32f10x_flash.o
    0x080007ec   0x0000001c   Code   RO          978    i.FLASH_SetLatency  stm32f10x_flash.o
    0x08000808   0x00000018   Code   RO          979    i.FLASH_Unlock      stm32f10x_flash.o
    0x08000820   0x0000002a   Code   RO          981    i.FLASH_WaitForLastOperation  stm32f10x_flash.o
    0x0800084a   0x00000002   Code   RO          161    i.FSMC_IRQHandler   stm32f10x_it.o
    0x0800084c   0x00000018   Code   RO          544    i.GPIO_Config       stm32f10x_target.o
    0x08000864   0x00000110   Code   RO         1113    i.GPIO_Init         stm32f10x_gpio.o
    0x08000974   0x00000070   Code   RO         1115    i.GPIO_PinRemapConfig  stm32f10x_gpio.o
    0x080009e4   0x0000000a   Code   RO         1124    i.GPIO_WriteBit     stm32f10x_gpio.o
    0x080009ee   0x00000004   Code   RO            3    i.HardFault_Handler  exception.o
    0x080009f2   0x00000002   Code   RO          162    i.I2C1_ER_IRQHandler  stm32f10x_it.o
    0x080009f4   0x00000002   Code   RO          163    i.I2C1_EV_IRQHandler  stm32f10x_it.o
    0x080009f6   0x00000002   Code   RO          164    i.I2C2_ER_IRQHandler  stm32f10x_it.o
    0x080009f8   0x00000002   Code   RO          165    i.I2C2_EV_IRQHandler  stm32f10x_it.o
    0x080009fa   0x00000004   Code   RO            4    i.MemManage_Handler  exception.o
    0x080009fe   0x00000002   Code   RO            5    i.NMI_Handler       exception.o
    0x08000a00   0x00000078   Code   RO          545    i.NVIC_Configuration  stm32f10x_target.o
    0x08000a78   0x0000004c   Code   RO         1269    i.NVIC_DeInit       stm32f10x_nvic.o
    0x08000ac4   0x000000a4   Code   RO         1281    i.NVIC_Init         stm32f10x_nvic.o
    0x08000b68   0x00000014   Code   RO         1282    i.NVIC_PriorityGroupConfig  stm32f10x_nvic.o
    0x08000b7c   0x00000014   Code   RO         1286    i.NVIC_SetVectorTable  stm32f10x_nvic.o
    0x08000b90   0x00000114   Code   RO         2812    i.OSDebugInit       os_dbg.o
    0x08000ca4   0x0000002c   Code   RO         2827    i.OSInit            ucos_ii.o
    0x08000cd0   0x00000002   Code   RO         2742    i.OSInitHookBegin   os_cpu_c.o
    0x08000cd2   0x00000002   Code   RO         2743    i.OSInitHookEnd     os_cpu_c.o
    0x08000cd4   0x0000008c   Code   RO         2829    i.OSIntExit         ucos_ii.o
    0x08000d60   0x00000048   Code   RO         2859    i.OSStart           ucos_ii.o
    0x08000da8   0x00000004   Code   RO         2744    i.OSTCBInitHook     os_cpu_c.o
    0x08000dac   0x00000094   Code   RO         2861    i.OSTaskCreate      ucos_ii.o
    0x08000e40   0x000000a4   Code   RO         2862    i.OSTaskCreateExt   ucos_ii.o
    0x08000ee4   0x00000004   Code   RO         2745    i.OSTaskCreateHook  os_cpu_c.o
    0x08000ee8   0x00000002   Code   RO         2747    i.OSTaskIdleHook    os_cpu_c.o
    0x08000eea   0x00000002   PAD
    0x08000eec   0x00000070   Code   RO         2864    i.OSTaskNameSet     ucos_ii.o
    0x08000f5c   0x00000002   Code   RO         2748    i.OSTaskStatHook    os_cpu_c.o
    0x08000f5e   0x0000009a   Code   RO         2749    i.OSTaskStkInit     os_cpu_c.o
    0x08000ff8   0x000000a0   Code   RO         2867    i.OSTaskSuspend     ucos_ii.o
    0x08001098   0x00000002   Code   RO         2750    i.OSTaskSwHook      os_cpu_c.o
    0x0800109a   0x00000002   PAD
    0x0800109c   0x0000005c   Code   RO         2868    i.OSTimeDly         ucos_ii.o
    0x080010f8   0x00000098   Code   RO         2871    i.OSTimeTick        ucos_ii.o
    0x08001190   0x00000040   Code   RO         2877    i.OS_InitEventList  ucos_ii.o
    0x080011d0   0x0000004c   Code   RO         2878    i.OS_InitMisc       ucos_ii.o
    0x0800121c   0x00000048   Code   RO         2879    i.OS_InitRdyList    ucos_ii.o
    0x08001264   0x00000068   Code   RO         2880    i.OS_InitTCBList    ucos_ii.o
    0x080012cc   0x0000004c   Code   RO         2881    i.OS_InitTaskIdle   ucos_ii.o
    0x08001318   0x0000004c   Code   RO         2882    i.OS_InitTaskStat   ucos_ii.o
    0x08001364   0x00000012   Code   RO         2883    i.OS_MemClr         ucos_ii.o
    0x08001376   0x00000002   PAD
    0x08001378   0x00000050   Code   RO         2885    i.OS_MemInit        ucos_ii.o
    0x080013c8   0x0000006c   Code   RO         2886    i.OS_Sched          ucos_ii.o
    0x08001434   0x00000060   Code   RO         2887    i.OS_SchedNew       ucos_ii.o
    0x08001494   0x0000001c   Code   RO         2888    i.OS_StrCopy        ucos_ii.o
    0x080014b0   0x00000014   Code   RO         2889    i.OS_StrLen         ucos_ii.o
    0x080014c4   0x00000114   Code   RO         2890    i.OS_TCBInit        ucos_ii.o
    0x080015d8   0x00000020   Code   RO         2891    i.OS_TaskIdle       ucos_ii.o
    0x080015f8   0x0000008c   Code   RO         2892    i.OS_TaskStat       ucos_ii.o
    0x08001684   0x0000001a   Code   RO         2893    i.OS_TaskStkClr     ucos_ii.o
    0x0800169e   0x00000002   PAD
    0x080016a0   0x00000020   Code   RO          166    i.PVD_IRQHandler    stm32f10x_it.o
    0x080016c0   0x00000018   Code   RO         1417    i.RCC_ADCCLKConfig  stm32f10x_rcc.o
    0x080016d8   0x00000020   Code   RO         1418    i.RCC_AHBPeriphClockCmd  stm32f10x_rcc.o
    0x080016f8   0x00000020   Code   RO         1419    i.RCC_APB1PeriphClockCmd  stm32f10x_rcc.o
    0x08001718   0x00000020   Code   RO         1421    i.RCC_APB2PeriphClockCmd  stm32f10x_rcc.o
    0x08001738   0x00000094   Code   RO          546    i.RCC_Configuration  stm32f10x_target.o
    0x080017cc   0x000000d4   Code   RO         1429    i.RCC_GetClocksFreq  stm32f10x_rcc.o
    0x080018a0   0x0000003c   Code   RO         1430    i.RCC_GetFlagStatus  stm32f10x_rcc.o
    0x080018dc   0x00000010   Code   RO         1432    i.RCC_GetSYSCLKSource  stm32f10x_rcc.o
    0x080018ec   0x00000018   Code   RO         1433    i.RCC_HCLKConfig    stm32f10x_rcc.o
    0x08001904   0x0000004c   Code   RO         1434    i.RCC_HSEConfig     stm32f10x_rcc.o
    0x08001950   0x00000020   Code   RO          167    i.RCC_IRQHandler    stm32f10x_it.o
    0x08001970   0x0000000c   Code   RO         1439    i.RCC_MCOConfig     stm32f10x_rcc.o
    0x0800197c   0x00000018   Code   RO         1440    i.RCC_PCLK1Config   stm32f10x_rcc.o
    0x08001994   0x00000018   Code   RO         1441    i.RCC_PCLK2Config   stm32f10x_rcc.o
    0x080019ac   0x0000000c   Code   RO         1442    i.RCC_PLLCmd        stm32f10x_rcc.o
    0x080019b8   0x0000001c   Code   RO         1443    i.RCC_PLLConfig     stm32f10x_rcc.o
    0x080019d4   0x00000018   Code   RO         1446    i.RCC_SYSCLKConfig  stm32f10x_rcc.o
    0x080019ec   0x00000048   Code   RO         1448    i.RCC_WaitForHSEStartUp  stm32f10x_rcc.o
    0x08001a34   0x00000002   Code   RO          168    i.RTCAlarm_IRQHandler  stm32f10x_it.o
    0x08001a36   0x00000002   PAD
    0x08001a38   0x00000020   Code   RO          169    i.RTC_IRQHandler    stm32f10x_it.o
    0x08001a58   0x00000002   Code   RO          170    i.SDIO_IRQHandler   stm32f10x_it.o
    0x08001a5a   0x00000002   PAD
    0x08001a5c   0x00000020   Code   RO          171    i.SPI1_IRQHandler   stm32f10x_it.o
    0x08001a7c   0x00000050   Code   RO          172    i.SPI2_IRQHandler   stm32f10x_it.o
    0x08001acc   0x00000002   Code   RO          173    i.SPI3_IRQHandler   stm32f10x_it.o
    0x08001ace   0x00000018   Code   RO         1623    i.SPI_Cmd           stm32f10x_spi.o
    0x08001ae6   0x00000012   Code   RO         1631    i.SPI_I2S_GetFlagStatus  stm32f10x_spi.o
    0x08001af8   0x00000020   Code   RO         1633    i.SPI_I2S_ITConfig  stm32f10x_spi.o
    0x08001b18   0x00000006   Code   RO         1634    i.SPI_I2S_ReceiveData  stm32f10x_spi.o
    0x08001b1e   0x0000003c   Code   RO         1636    i.SPI_Init          stm32f10x_spi.o
    0x08001b5a   0x00000002   Code   RO            6    i.SVC_Handler       exception.o
    0x08001b5c   0x00000024   Code   RO          174    i.SysTickHandler    stm32f10x_it.o
    0x08001b80   0x00000036   Code   RO         1763    i.SysTick_CounterCmd  stm32f10x_systick.o
    0x08001bb6   0x00000026   Code   RO         1766    i.SysTick_ITConfig  stm32f10x_systick.o
    0x08001bdc   0x00000008   Code   RO         1767    i.SysTick_SetReload  stm32f10x_systick.o
    0x08001be4   0x00000020   Code   RO          175    i.TAMPER_IRQHandler  stm32f10x_it.o
    0x08001c04   0x00000020   Code   RO          176    i.TIM1_BRK_IRQHandler  stm32f10x_it.o
    0x08001c24   0x00000020   Code   RO          177    i.TIM1_CC_IRQHandler  stm32f10x_it.o
    0x08001c44   0x00000020   Code   RO          178    i.TIM1_TRG_COM_IRQHandler  stm32f10x_it.o
    0x08001c64   0x00000020   Code   RO          179    i.TIM1_UP_IRQHandler  stm32f10x_it.o
    0x08001c84   0x00000028   Code   RO          180    i.TIM2_IRQHandler   stm32f10x_it.o
    0x08001cac   0x00000034   Code   RO          181    i.TIM3_IRQHandler   stm32f10x_it.o
    0x08001ce0   0x00000034   Code   RO          182    i.TIM4_IRQHandler   stm32f10x_it.o
    0x08001d14   0x00000002   Code   RO          183    i.TIM5_IRQHandler   stm32f10x_it.o
    0x08001d16   0x00000002   Code   RO          184    i.TIM6_IRQHandler   stm32f10x_it.o
    0x08001d18   0x00000002   Code   RO          185    i.TIM7_IRQHandler   stm32f10x_it.o
    0x08001d1a   0x00000002   Code   RO          186    i.TIM8_BRK_IRQHandler  stm32f10x_it.o
    0x08001d1c   0x00000002   Code   RO          187    i.TIM8_CC_IRQHandler  stm32f10x_it.o
    0x08001d1e   0x00000002   Code   RO          188    i.TIM8_TRG_COM_IRQHandler  stm32f10x_it.o
    0x08001d20   0x00000002   Code   RO          189    i.TIM8_UP_IRQHandler  stm32f10x_it.o
    0x08001d22   0x00000006   Code   RO         1815    i.TIM_ClearITPendingBit  stm32f10x_tim.o
    0x08001d28   0x00000022   Code   RO         1841    i.TIM_GetITStatus   stm32f10x_tim.o
    0x08001d4a   0x00000002   PAD
    0x08001d4c   0x00000040   Code   RO         3297    i.Task_Spi          spi.o
    0x08001d8c   0x00000002   Code   RO          190    i.UART4_IRQHandler  stm32f10x_it.o
    0x08001d8e   0x00000002   Code   RO          191    i.UART5_IRQHandler  stm32f10x_it.o
    0x08001d90   0x0000006c   Code   RO          192    i.USART1_IRQHandler  stm32f10x_it.o
    0x08001dfc   0x0000006c   Code   RO          193    i.USART2_IRQHandler  stm32f10x_it.o
    0x08001e68   0x0000006c   Code   RO          194    i.USART3_IRQHandler  stm32f10x_it.o
    0x08001ed4   0x00000014   Code   RO         2353    i.USART_ClearITPendingBit  stm32f10x_usart.o
    0x08001ee8   0x00000022   Code   RO         2354    i.USART_ClockInit   stm32f10x_usart.o
    0x08001f0a   0x00000018   Code   RO         2356    i.USART_Cmd         stm32f10x_usart.o
    0x08001f22   0x0000004c   Code   RO         2360    i.USART_GetITStatus  stm32f10x_usart.o
    0x08001f6e   0x00000040   Code   RO         2362    i.USART_ITConfig    stm32f10x_usart.o
    0x08001fae   0x00000002   PAD
    0x08001fb0   0x0000009c   Code   RO         2363    i.USART_Init        stm32f10x_usart.o
    0x0800204c   0x0000000a   Code   RO         2368    i.USART_ReceiveData  stm32f10x_usart.o
    0x08002056   0x00000008   Code   RO         2371    i.USART_SendData    stm32f10x_usart.o
    0x0800205e   0x00000002   Code   RO          195    i.USBWakeUp_IRQHandler  stm32f10x_it.o
    0x08002060   0x00000020   Code   RO          196    i.USB_HP_CAN1_TX_IRQHandler  stm32f10x_it.o
    0x08002080   0x00000020   Code   RO          197    i.USB_LP_CAN1_RX0_IRQHandler  stm32f10x_it.o
    0x080020a0   0x00000004   Code   RO            7    i.UsageFault_Handler  exception.o
    0x080020a4   0x00000020   Code   RO          198    i.WWDG_IRQHandler   stm32f10x_it.o
    0x080020c4   0x0000000e   Code   RO         3441    i.__scatterload_copy  mc_w.l(handlers.o)
    0x080020d2   0x00000002   Code   RO         3442    i.__scatterload_null  mc_w.l(handlers.o)
    0x080020d4   0x0000000e   Code   RO         3443    i.__scatterload_zeroinit  mc_w.l(handlers.o)
    0x080020e2   0x00000018   Code   RO         3246    i.application_init  main.o
    0x080020fa   0x00000002   PAD
    0x080020fc   0x0000003c   Code   RO         3298    i.check_com_2_spi   spi.o
    0x08002138   0x0000006c   Code   RO         3299    i.check_spi_2_com   spi.o
    0x080021a4   0x0000001a   Code   RO          982    i.delay             stm32f10x_flash.o
    0x080021be   0x00000014   Code   RO         2718    i.flash_read        flash.o
    0x080021d2   0x00000002   PAD
    0x080021d4   0x00000050   Code   RO         2719    i.flash_write       flash.o
    0x08002224   0x00000010   Code   RO         3247    i.init_task_core    main.o
    0x08002234   0x00000058   Code   RO         3248    i.main              main.o
    0x0800228c   0x00000080   Code   RO         3300    i.spi1_init         spi.o
    0x0800230c   0x000000a0   Code   RO         3301    i.spi2_init         spi.o
    0x080023ac   0x00000028   Code   RO         3304    i.spi_slave_write   spi.o
    0x080023d4   0x0000001a   Code   RO          549    i.system_init       stm32f10x_target.o
    0x080023ee   0x00000018   Code   RO          550    i.tick_init         stm32f10x_target.o
    0x08002406   0x00000002   PAD
    0x08002408   0x000000b0   Code   RO         3378    i.uart1_init        uart.o
    0x080024b8   0x000000ac   Code   RO         3379    i.uart2_init        uart.o
    0x08002564   0x000000e8   Code   RO         3380    i.uart3_init        uart.o
    0x0800264c   0x00000050   Code   RO         3305    i.uart_broadcast    spi.o
    0x0800269c   0x00000028   Code   RO         3306    i.uart_send         spi.o
    0x080026c4   0x00000054   Code   RO         3307    i.uart_setbaud      spi.o
    0x08002718   0x00000070   Code   RO         2695    i.wr_io             gpio.o
    0x08002788   0x00000014   Data   RO         1449    .constdata          stm32f10x_rcc.o
    0x0800279c   0x0000005e   Data   RO         2813    .constdata          os_dbg.o
    0x080027fa   0x00000100   Data   RO         2895    .constdata          ucos_ii.o
    0x080028fa   0x00000002   PAD
    0x080028fc   0x00000040   Data   RO         3309    .constdata          spi.o
    0x0800293c   0x00000020   Data   RO         3439    Region$$Table       anon$$obj.o


    Execution Region RW_IRAM1 (Base: 0x20000000, Size: 0x000027b0, Max: 0x00002800, ABSOLUTE)

    Base Addr    Size         Type   Attr      Idx    E Section Name        Object

    0x20000000   0x00000001   Data   RW          553    .data               stm32f10x_target.o
    0x20000001   0x00000003   PAD
    0x20000004   0x00000005   Data   RW         1450    .data               stm32f10x_rcc.o
    0x20000009   0x00000001   PAD
    0x2000000a   0x00000020   Data   RW         2696    .data               gpio.o
    0x2000002a   0x00000002   PAD
    0x2000002c   0x00000004   Data   RW         2751    .data               os_cpu_c.o
    0x20000030   0x00000038   Data   RW         2896    .data               ucos_ii.o
    0x20000068   0x0000001c   Data   RW         3310    .data               spi.o
    0x20000084   0x00000060   Data   RW         3383    .data               uart.o
    0x200000e4   0x000013cc   Zero   RW         2894    .bss                ucos_ii.o
    0x200014b0   0x00000700   Zero   RW         3251    .bss                main.o
    0x20001bb0   0x00000200   Zero   RW         3308    .bss                spi.o
    0x20001db0   0x00000600   Zero   RW         3382    .bss                uart.o
    0x200023b0   0x00000400   Zero   RW          609    STACK               stm32f10x_hd.o


==============================================================================

Image component sizes


      Code (inc. data)   RO Data    RW Data    ZI Data      Debug   Object Name

        22          0          0          0          0      89915   exception.o
       100          4          0          0          0       1035   flash.o
       112         42          0         32          0        945   gpio.o
       128         18          0          0       1792       1795   main.o
       232         42          0          0          0        272   os_cpu_a.o
       172          0          0          4          0      10463   os_cpu_c.o
       276        182         94          0          0       2693   os_dbg.o
       764         76         64         28        512       5671   spi.o
       384         18          0          0          0       1976   stm32f10x_dma.o
        12          6          0          0          0        453   stm32f10x_exti.o
       280         32          0          0          0       3325   stm32f10x_flash.o
       394          6          0          0          0       2766   stm32f10x_gpio.o
        32         10        304          0       1024        636   stm32f10x_hd.o
      1670        264          0          0          0      26864   stm32f10x_it.o
       280         48          0          0          0       2411   stm32f10x_nvic.o
       704        108         20          5          0      10216   stm32f10x_rcc.o
       140          0          0          0          0       3314   stm32f10x_spi.o
       100          0          0          0          0       1372   stm32f10x_systick.o
       514         40          0          1          0       3031   stm32f10x_target.o
        40          0          0          0          0       3610   stm32f10x_tim.o
       392          6          0          0          0       5839   stm32f10x_usart.o
       580         44          0         96       1536       3469   uart.o
      2376        382        256         56       5068      19563   ucos_ii.o

    ----------------------------------------------------------------------
      9730       1328        772        228       9932     201634   Object Totals
         0          0         32          0          0          0   (incl. Generated)
        26          0          2          6          0          0   (incl. Padding)

    ----------------------------------------------------------------------

      Code (inc. data)   RO Data    RW Data    ZI Data      Debug   Library Member Name

         0          0          0          0          0          0   entry.o
         0          0          0          0          0          0   entry10a.o
         0          0          0          0          0          0   entry11a.o
         8          4          0          0          0          0   entry2.o
         4          0          0          0          0          0   entry5.o
         0          0          0          0          0          0   entry7b.o
         0          0          0          0          0          0   entry8b.o
         8          4          0          0          0          0   entry9a.o
        30          0          0          0          0          0   handlers.o
        36          8          0          0          0         68   init.o

    ----------------------------------------------------------------------
        86         16          0          0          0         68   Library Totals
         0          0          0          0          0          0   (incl. Padding)

    ----------------------------------------------------------------------

      Code (inc. data)   RO Data    RW Data    ZI Data      Debug   Library Name

        86         16          0          0          0         68   mc_w.l

    ----------------------------------------------------------------------
        86         16          0          0          0         68   Library Totals

    ----------------------------------------------------------------------

==============================================================================


      Code (inc. data)   RO Data    RW Data    ZI Data      Debug   

      9816       1344        772        228       9932     192706   Grand Totals
      9816       1344        772        228       9932     192706   ELF Image Totals
      9816       1344        772        228          0          0   ROM Totals

==============================================================================

    Total RO  Size (Code + RO Data)                10588 (  10.34kB)
    Total RW  Size (RW Data + ZI Data)             10160 (   9.92kB)
    Total ROM Size (Code + RO Data + RW Data)      10816 (  10.56kB)

==============================================================================

